[log] 2026-06-13T16:39:09 writing console to experiments_control/logs/robustness_20260613_163909.log
--> [INFO] Found 200000 images. Classes: ['benign', 'malicious']
--> [INFO] Stratified split: train=140000 val=20000 test=40000
== evaluating bottleneck_fc_b6_seed0 [bottleneck_fc_b6] (single disk pass, 9 levels x 1 seeds) ==
   ...batch 0
   ...batch 50
   ...batch 100
   ...batch 150
   ...batch 200
   ...batch 250
   ...batch 300
   noise 0.0: 100.00 +/- 0.00
   noise 0.08: 99.96 +/- 0.00
   noise 0.1: 99.84 +/- 0.00
   noise 0.12: 99.33 +/- 0.00
   noise 0.14: 97.87 +/- 0.00
   noise 0.16: 94.90 +/- 0.00
   noise 0.2: 86.31 +/- 0.00
   occlusion 0: 100.00 +/- 0.00
   occlusion 100: 94.79 +/- 0.00
== evaluating bottleneck_fc_b6_seed1 [bottleneck_fc_b6] (single disk pass, 9 levels x 1 seeds) ==
   ...batch 0
   ...batch 50
   ...batch 100
   ...batch 150
   ...batch 200
   ...batch 250
   ...batch 300
   noise 0.0: 99.99 +/- 0.00
   noise 0.08: 95.78 +/- 0.00
   noise 0.1: 89.69 +/- 0.00
   noise 0.12: 82.43 +/- 0.00
   noise 0.14: 72.52 +/- 0.00
   noise 0.16: 62.45 +/- 0.00
   noise 0.2: 53.55 +/- 0.00
   occlusion 0: 99.99 +/- 0.00
   occlusion 100: 97.69 +/- 0.00
== evaluating bottleneck_fc_b6_seed2 [bottleneck_fc_b6] (single disk pass, 9 levels x 1 seeds) ==
   ...batch 0
   ...batch 50
   ...batch 100
   ...batch 150
   ...batch 200
   ...batch 250
   ...batch 300
   noise 0.0: 99.99 +/- 0.00
   noise 0.08: 96.27 +/- 0.00
   noise 0.1: 80.44 +/- 0.00
   noise 0.12: 59.01 +/- 0.00
   noise 0.14: 50.66 +/- 0.00
   noise 0.16: 50.02 +/- 0.00
   noise 0.2: 50.00 +/- 0.00
   occlusion 0: 99.99 +/- 0.00
   occlusion 100: 93.72 +/- 0.00
== evaluating mlp_head_b6_seed0 [mlp_head_b6] (single disk pass, 9 levels x 1 seeds) ==
   ...batch 0
   ...batch 50
   ...batch 100
   ...batch 150
   ...batch 200
   ...batch 250
   ...batch 300
   noise 0.0: 100.00 +/- 0.00
   noise 0.08: 99.89 +/- 0.00
   noise 0.1: 99.43 +/- 0.00
   noise 0.12: 97.67 +/- 0.00
   noise 0.14: 93.75 +/- 0.00
   noise 0.16: 88.25 +/- 0.00
   noise 0.2: 70.80 +/- 0.00
   occlusion 0: 100.00 +/- 0.00
   occlusion 100: 94.70 +/- 0.00
== evaluating mlp_head_b6_seed1 [mlp_head_b6] (single disk pass, 9 levels x 1 seeds) ==
   ...batch 0
   ...batch 50
   ...batch 100
   ...batch 150
   ...batch 200
   ...batch 250
   ...batch 300
   noise 0.0: 99.99 +/- 0.00
   noise 0.08: 95.92 +/- 0.00
   noise 0.1: 84.58 +/- 0.00
   noise 0.12: 68.04 +/- 0.00
   noise 0.14: 55.94 +/- 0.00
   noise 0.16: 51.38 +/- 0.00
   noise 0.2: 50.06 +/- 0.00
   occlusion 0: 99.99 +/- 0.00
   occlusion 100: 92.50 +/- 0.00
== evaluating mlp_head_b6_seed2 [mlp_head_b6] (single disk pass, 9 levels x 1 seeds) ==
   ...batch 0
   ...batch 50
   ...batch 100
   ...batch 150
   ...batch 200
   ...batch 250
   ...batch 300
   noise 0.0: 99.98 +/- 0.00
   noise 0.08: 99.67 +/- 0.00
   noise 0.1: 98.74 +/- 0.00
   noise 0.12: 96.31 +/- 0.00
   noise 0.14: 91.56 +/- 0.00
   noise 0.16: 84.77 +/- 0.00
   noise 0.2: 67.68 +/- 0.00
   occlusion 0: 99.98 +/- 0.00
   occlusion 100: 92.50 +/- 0.00
== evaluating qresnet_q6l2strong_seed0 [qresnet_q6l2strong] (single disk pass, 9 levels x 1 seeds) ==
   ...batch 0
   ...batch 50
   ...batch 100
   ...batch 150
   ...batch 200
   ...batch 250
   ...batch 300
   noise 0.0: 100.00 +/- 0.00
   noise 0.08: 99.79 +/- 0.00
   noise 0.1: 99.30 +/- 0.00
   noise 0.12: 97.73 +/- 0.00
   noise 0.14: 95.86 +/- 0.00
   noise 0.16: 92.25 +/- 0.00
   noise 0.2: 71.30 +/- 0.00
   occlusion 0: 100.00 +/- 0.00
   occlusion 100: 91.91 +/- 0.00
== evaluating qresnet_q6l2strong_seed1 [qresnet_q6l2strong] (single disk pass, 9 levels x 1 seeds) ==
   ...batch 0
   ...batch 50
   ...batch 100
   ...batch 150
   ...batch 200
   ...batch 250
   ...batch 300
   noise 0.0: 100.00 +/- 0.00
   noise 0.08: 96.00 +/- 0.00
   noise 0.1: 77.10 +/- 0.00
   noise 0.12: 73.47 +/- 0.00
   noise 0.14: 66.33 +/- 0.00
   noise 0.16: 54.36 +/- 0.00
   noise 0.2: 38.14 +/- 0.00
   occlusion 0: 100.00 +/- 0.00
   occlusion 100: 92.21 +/- 0.00
== evaluating qresnet_q6l2strong_seed2 [qresnet_q6l2strong] (single disk pass, 9 levels x 1 seeds) ==
   ...batch 0
   ...batch 50
   ...batch 100
   ...batch 150
   ...batch 200
   ...batch 250
   ...batch 300
   noise 0.0: 99.99 +/- 0.00
   noise 0.08: 68.48 +/- 0.00
   noise 0.1: 56.93 +/- 0.00
   noise 0.12: 50.66 +/- 0.00
   noise 0.14: 50.03 +/- 0.00
   noise 0.16: 50.00 +/- 0.00
   noise 0.2: 50.00 +/- 0.00
   occlusion 0: 99.99 +/- 0.00
   occlusion 100: 91.06 +/- 0.00
== evaluating qresnet_q8l2strong_seed0 [qresnet_q8l2strong] (single disk pass, 9 levels x 1 seeds) ==
   ...batch 0
   ...batch 50
   ...batch 100
   ...batch 150
   ...batch 200
   ...batch 250
   ...batch 300
   noise 0.0: 100.00 +/- 0.00
   noise 0.08: 52.16 +/- 0.00
   noise 0.1: 50.10 +/- 0.00
   noise 0.12: 50.01 +/- 0.00
   noise 0.14: 50.00 +/- 0.00
   noise 0.16: 50.00 +/- 0.00
   noise 0.2: 50.00 +/- 0.00
   occlusion 0: 100.00 +/- 0.00
   occlusion 100: 94.80 +/- 0.00
== evaluating qresnet_q8l2strong_seed1 [qresnet_q8l2strong] (single disk pass, 9 levels x 1 seeds) ==
   ...batch 0
   ...batch 50
   ...batch 100
   ...batch 150
   ...batch 200
   ...batch 250
   ...batch 300
   noise 0.0: 99.99 +/- 0.00
   noise 0.08: 87.20 +/- 0.00
   noise 0.1: 78.77 +/- 0.00
   noise 0.12: 67.63 +/- 0.00
   noise 0.14: 46.26 +/- 0.00
   noise 0.16: 44.88 +/- 0.00
   noise 0.2: 52.23 +/- 0.00
   occlusion 0: 99.99 +/- 0.00
   occlusion 100: 90.22 +/- 0.00
== evaluating qresnet_q8l2strong_seed2 [qresnet_q8l2strong] (single disk pass, 9 levels x 1 seeds) ==
   ...batch 0
   ...batch 50
   ...batch 100
   ...batch 150
   ...batch 200
   ...batch 250
   ...batch 300
   noise 0.0: 99.99 +/- 0.00
   noise 0.08: 98.67 +/- 0.00
   noise 0.1: 92.23 +/- 0.00
   noise 0.12: 78.37 +/- 0.00
   noise 0.14: 86.06 +/- 0.00
   noise 0.16: 53.92 +/- 0.00
   noise 0.2: 48.24 +/- 0.00
   occlusion 0: 99.99 +/- 0.00
   occlusion 100: 92.83 +/- 0.00
[SUCCESS] raw per-seed results -> experiments_control/robustness_raw.csv
[SUCCESS] summary -> experiments_control/robustness_raw_summary.csv

--- derived robustness metrics ---
/home/daipv11/Quantum-Quishing-Detection/revision/robustness.py:160: DeprecationWarning: `trapz` is deprecated. Use `trapezoid` instead, or one of the numerical integration functions in `scipy.integrate`.
  aurc = float(np.trapz(ys, xs) / (xs.max() - xs.min())) if xs.max() > xs.min() else float(ys.mean())
   bottleneck_fc_b6 na=False noise     AURC= 85.42  sigma*=0.16
   bottleneck_fc_b6 na=False occlusion AURC= 97.69  sigma*=100.0
   mlp_head_b6    na=False noise     AURC= 88.33  sigma*=0.2
   mlp_head_b6    na=False occlusion AURC= 96.61  sigma*=100.0
   qresnet_q6l2strong na=False noise     AURC= 79.41  sigma*=0.16
   qresnet_q6l2strong na=False occlusion AURC= 95.86  sigma*=100.0
   qresnet_q8l2strong na=False noise     AURC= 72.27  sigma*=0.12
   qresnet_q8l2strong na=False occlusion AURC= 96.31  sigma*=100.0
[report] wrote experiments_control/REPORT.md
