[log] 2026-06-12T22:48:08 writing console to experiments_control/logs/train_bottleneck_fc_20260612_224808.log
--> [INFO] Found 200000 images. Classes: ['benign', 'malicious']
--> [INFO] Stratified split: train=140000 val=20000 test=40000
[bottleneck_fc_b6_seed2] epoch 1/3 batch 1/1094 loss=0.7609 (69 img/s)
[bottleneck_fc_b6_seed2] epoch 1/3 batch 201/1094 loss=0.1776 (1168 img/s)
[bottleneck_fc_b6_seed2] epoch 1/3 batch 401/1094 loss=0.1364 (1204 img/s)
[bottleneck_fc_b6_seed2] epoch 1/3 batch 601/1094 loss=0.1159 (1219 img/s)
[bottleneck_fc_b6_seed2] epoch 1/3 batch 801/1094 loss=0.1024 (1230 img/s)
[bottleneck_fc_b6_seed2] epoch 1/3 batch 1001/1094 loss=0.0927 (1235 img/s)
[bottleneck_fc_b6_seed2] epoch 1/3 batch 1094/1094 loss=0.0892 (1238 img/s)
[bottleneck_fc_b6_seed2] epoch 1/3 loss=0.0892 val_acc=100.00 val_auc=1.0000
[bottleneck_fc_b6_seed2] epoch 2/3 batch 1/1094 loss=0.0446 (175 img/s)
[bottleneck_fc_b6_seed2] epoch 2/3 batch 201/1094 loss=0.0416 (1192 img/s)
[bottleneck_fc_b6_seed2] epoch 2/3 batch 401/1094 loss=0.0386 (1200 img/s)
[bottleneck_fc_b6_seed2] epoch 2/3 batch 601/1094 loss=0.0360 (1204 img/s)
[bottleneck_fc_b6_seed2] epoch 2/3 batch 801/1094 loss=0.0338 (1205 img/s)
[bottleneck_fc_b6_seed2] epoch 2/3 batch 1001/1094 loss=0.0318 (1207 img/s)
[bottleneck_fc_b6_seed2] epoch 2/3 batch 1094/1094 loss=0.0310 (1207 img/s)
[bottleneck_fc_b6_seed2] epoch 2/3 loss=0.0310 val_acc=100.00 val_auc=1.0000
[bottleneck_fc_b6_seed2] epoch 3/3 batch 1/1094 loss=0.0214 (175 img/s)
[bottleneck_fc_b6_seed2] epoch 3/3 batch 201/1094 loss=0.0205 (1027 img/s)
[bottleneck_fc_b6_seed2] epoch 3/3 batch 401/1094 loss=0.0214 (1054 img/s)
[bottleneck_fc_b6_seed2] epoch 3/3 batch 601/1094 loss=0.0196 (1060 img/s)
[bottleneck_fc_b6_seed2] epoch 3/3 batch 801/1094 loss=0.0183 (1064 img/s)
[bottleneck_fc_b6_seed2] epoch 3/3 batch 1001/1094 loss=0.0172 (1066 img/s)
[bottleneck_fc_b6_seed2] epoch 3/3 batch 1094/1094 loss=0.0167 (1067 img/s)
[bottleneck_fc_b6_seed2] epoch 3/3 loss=0.0167 val_acc=100.00 val_auc=1.0000
[bottleneck_fc_b6_seed2] DONE. clean test: {'acc': 99.99, 'auc': 0.999999945, 'f1': 0.9999}
