[log] 2026-06-12T22:55:37 writing console to experiments_control/logs/train_mlp_head_20260612_225537.log
--> [INFO] Found 200000 images. Classes: ['benign', 'malicious']
--> [INFO] Stratified split: train=140000 val=20000 test=40000
[mlp_head_b6_seed2] epoch 1/3 batch 1/1094 loss=0.7022 (69 img/s)
[mlp_head_b6_seed2] epoch 1/3 batch 201/1094 loss=0.6334 (1214 img/s)
[mlp_head_b6_seed2] epoch 1/3 batch 401/1094 loss=0.6018 (1274 img/s)
[mlp_head_b6_seed2] epoch 1/3 batch 601/1094 loss=0.5702 (1295 img/s)
[mlp_head_b6_seed2] epoch 1/3 batch 801/1094 loss=0.5397 (1303 img/s)
[mlp_head_b6_seed2] epoch 1/3 batch 1001/1094 loss=0.5097 (1309 img/s)
[mlp_head_b6_seed2] epoch 1/3 batch 1094/1094 loss=0.4959 (1312 img/s)
[mlp_head_b6_seed2] epoch 1/3 loss=0.4959 val_acc=99.97 val_auc=1.0000
[mlp_head_b6_seed2] epoch 2/3 batch 1/1094 loss=0.3419 (174 img/s)
[mlp_head_b6_seed2] epoch 2/3 batch 201/1094 loss=0.3113 (1263 img/s)
[mlp_head_b6_seed2] epoch 2/3 batch 401/1094 loss=0.2873 (1272 img/s)
[mlp_head_b6_seed2] epoch 2/3 batch 601/1094 loss=0.2659 (1272 img/s)
[mlp_head_b6_seed2] epoch 2/3 batch 801/1094 loss=0.2462 (1270 img/s)
[mlp_head_b6_seed2] epoch 2/3 batch 1001/1094 loss=0.2284 (1269 img/s)
[mlp_head_b6_seed2] epoch 2/3 batch 1094/1094 loss=0.2210 (1269 img/s)
[mlp_head_b6_seed2] epoch 2/3 loss=0.2210 val_acc=100.00 val_auc=1.0000
[mlp_head_b6_seed2] epoch 3/3 batch 1/1094 loss=0.1337 (180 img/s)
[mlp_head_b6_seed2] epoch 3/3 batch 201/1094 loss=0.1225 (1151 img/s)
[mlp_head_b6_seed2] epoch 3/3 batch 401/1094 loss=0.1128 (1176 img/s)
[mlp_head_b6_seed2] epoch 3/3 batch 601/1094 loss=0.1043 (1187 img/s)
[mlp_head_b6_seed2] epoch 3/3 batch 801/1094 loss=0.0970 (1191 img/s)
[mlp_head_b6_seed2] epoch 3/3 batch 1001/1094 loss=0.0902 (1195 img/s)
[mlp_head_b6_seed2] epoch 3/3 batch 1094/1094 loss=0.0874 (1197 img/s)
[mlp_head_b6_seed2] epoch 3/3 loss=0.0874 val_acc=100.00 val_auc=1.0000
[mlp_head_b6_seed2] DONE. clean test: {'acc': 99.985, 'auc': 0.9999998200000002, 'f1': 0.999849992499625}
