[log] 2026-06-15T13:08:09 writing console to experiments_revision/logs/robustness_20260615_130809.log
--> [INFO] Found 200000 images. Classes: ['benign', 'malicious']
--> [INFO] Stratified split: train=140000 val=20000 test=40000
== evaluating bottleneck_fc_seed0 [bottleneck_fc] (single disk pass, 12 levels x 1 seeds) ==
   ...batch 0
   ...batch 50
   ...batch 100
   ...batch 150
   ...batch 200
   ...batch 250
   ...batch 300
   noise 0.0: 99.99 +/- 0.00
   noise 0.06: 99.95 +/- 0.00
   noise 0.08: 99.19 +/- 0.00
   noise 0.1: 94.50 +/- 0.00
   noise 0.12: 81.84 +/- 0.00
   noise 0.14: 68.31 +/- 0.00
   noise 0.16: 59.41 +/- 0.00
   noise 0.2: 52.50 +/- 0.00
   occlusion 0: 99.99 +/- 0.00
   occlusion 40: 98.89 +/- 0.00
   occlusion 80: 95.70 +/- 0.00
   occlusion 100: 92.44 +/- 0.00
== evaluating bottleneck_fc_seed1 [bottleneck_fc] (single disk pass, 12 levels x 1 seeds) ==
   ...batch 0
   ...batch 50
   ...batch 100
   ...batch 150
   ...batch 200
   ...batch 250
   ...batch 300
   noise 0.0: 100.00 +/- 0.00
   noise 0.06: 99.34 +/- 0.00
   noise 0.08: 95.94 +/- 0.00
   noise 0.1: 86.87 +/- 0.00
   noise 0.12: 74.06 +/- 0.00
   noise 0.14: 63.10 +/- 0.00
   noise 0.16: 56.99 +/- 0.00
   noise 0.2: 54.16 +/- 0.00
   occlusion 0: 100.00 +/- 0.00
   occlusion 40: 99.28 +/- 0.00
   occlusion 80: 98.50 +/- 0.00
   occlusion 100: 96.77 +/- 0.00
== evaluating bottleneck_fc_seed2 [bottleneck_fc] (single disk pass, 12 levels x 1 seeds) ==
   ...batch 0
   ...batch 50
   ...batch 100
   ...batch 150
   ...batch 200
   ...batch 250
   ...batch 300
   noise 0.0: 99.99 +/- 0.00
   noise 0.06: 98.64 +/- 0.00
   noise 0.08: 92.37 +/- 0.00
   noise 0.1: 81.21 +/- 0.00
   noise 0.12: 70.24 +/- 0.00
   noise 0.14: 61.51 +/- 0.00
   noise 0.16: 56.00 +/- 0.00
   noise 0.2: 52.17 +/- 0.00
   occlusion 0: 99.99 +/- 0.00
   occlusion 40: 99.68 +/- 0.00
   occlusion 80: 98.76 +/- 0.00
   occlusion 100: 95.47 +/- 0.00
== evaluating classic_fc_seed0 [classic_fc] (single disk pass, 12 levels x 1 seeds) ==
   ...batch 0
   ...batch 50
   ...batch 100
   ...batch 150
   ...batch 200
   ...batch 250
   ...batch 300
   noise 0.0: 99.99 +/- 0.00
   noise 0.06: 97.06 +/- 0.00
   noise 0.08: 88.11 +/- 0.00
   noise 0.1: 74.49 +/- 0.00
   noise 0.12: 61.42 +/- 0.00
   noise 0.14: 53.67 +/- 0.00
   noise 0.16: 51.02 +/- 0.00
   noise 0.2: 50.08 +/- 0.00
   occlusion 0: 99.99 +/- 0.00
   occlusion 40: 99.58 +/- 0.00
   occlusion 80: 97.32 +/- 0.00
   occlusion 100: 95.54 +/- 0.00
== evaluating classic_fc_seed0_noiseaware [classic_fc] (single disk pass, 12 levels x 1 seeds) ==
   ...batch 0
   ...batch 50
   ...batch 100
   ...batch 150
   ...batch 200
   ...batch 250
   ...batch 300
   noise 0.0: 100.00 +/- 0.00
   noise 0.06: 99.99 +/- 0.00
   noise 0.08: 99.99 +/- 0.00
   noise 0.1: 99.99 +/- 0.00
   noise 0.12: 99.99 +/- 0.00
   noise 0.14: 99.99 +/- 0.00
   noise 0.16: 99.98 +/- 0.00
   noise 0.2: 99.92 +/- 0.00
   occlusion 0: 100.00 +/- 0.00
   occlusion 40: 99.83 +/- 0.00
   occlusion 80: 99.01 +/- 0.00
   occlusion 100: 97.29 +/- 0.00
== evaluating classic_fc_seed1 [classic_fc] (single disk pass, 12 levels x 1 seeds) ==
   ...batch 0
   ...batch 50
   ...batch 100
   ...batch 150
   ...batch 200
   ...batch 250
   ...batch 300
   noise 0.0: 100.00 +/- 0.00
   noise 0.06: 66.24 +/- 0.00
   noise 0.08: 51.13 +/- 0.00
   noise 0.1: 50.02 +/- 0.00
   noise 0.12: 50.00 +/- 0.00
   noise 0.14: 50.00 +/- 0.00
   noise 0.16: 50.00 +/- 0.00
   noise 0.2: 50.00 +/- 0.00
   occlusion 0: 100.00 +/- 0.00
   occlusion 40: 98.90 +/- 0.00
   occlusion 80: 97.94 +/- 0.00
   occlusion 100: 96.43 +/- 0.00
== evaluating classic_fc_seed2 [classic_fc] (single disk pass, 12 levels x 1 seeds) ==
   ...batch 0
   ...batch 50
   ...batch 100
   ...batch 150
   ...batch 200
   ...batch 250
   ...batch 300
   noise 0.0: 99.99 +/- 0.00
   noise 0.06: 99.35 +/- 0.00
   noise 0.08: 97.73 +/- 0.00
   noise 0.1: 95.45 +/- 0.00
   noise 0.12: 93.08 +/- 0.00
   noise 0.14: 90.31 +/- 0.00
   noise 0.16: 86.78 +/- 0.00
   noise 0.2: 77.36 +/- 0.00
   occlusion 0: 99.99 +/- 0.00
   occlusion 40: 99.81 +/- 0.00
   occlusion 80: 97.95 +/- 0.00
   occlusion 100: 95.98 +/- 0.00
== evaluating mlp_head_seed0 [mlp_head] (single disk pass, 12 levels x 1 seeds) ==
   ...batch 0
   ...batch 50
   ...batch 100
   ...batch 150
   ...batch 200
   ...batch 250
   ...batch 300
   noise 0.0: 99.99 +/- 0.00
   noise 0.06: 99.97 +/- 0.00
   noise 0.08: 99.93 +/- 0.00
   noise 0.1: 99.31 +/- 0.00
   noise 0.12: 95.75 +/- 0.00
   noise 0.14: 85.20 +/- 0.00
   noise 0.16: 70.55 +/- 0.00
   noise 0.2: 51.49 +/- 0.00
   occlusion 0: 99.99 +/- 0.00
   occlusion 40: 97.93 +/- 0.00
   occlusion 80: 95.47 +/- 0.00
   occlusion 100: 93.13 +/- 0.00
== evaluating mlp_head_seed0_noiseaware [mlp_head] (single disk pass, 12 levels x 1 seeds) ==
   ...batch 0
   ...batch 50
   ...batch 100
   ...batch 150
   ...batch 200
   ...batch 250
   ...batch 300
   noise 0.0: 99.23 +/- 0.00
   noise 0.06: 99.24 +/- 0.00
   noise 0.08: 99.24 +/- 0.00
   noise 0.1: 99.23 +/- 0.00
   noise 0.12: 99.23 +/- 0.00
   noise 0.14: 99.22 +/- 0.00
   noise 0.16: 99.22 +/- 0.00
   noise 0.2: 99.19 +/- 0.00
   occlusion 0: 99.23 +/- 0.00
   occlusion 40: 98.88 +/- 0.00
   occlusion 80: 98.03 +/- 0.00
   occlusion 100: 96.56 +/- 0.00
== evaluating mlp_head_seed1 [mlp_head] (single disk pass, 12 levels x 1 seeds) ==
   ...batch 0
   ...batch 50
   ...batch 100
   ...batch 150
   ...batch 200
   ...batch 250
   ...batch 300
   noise 0.0: 99.99 +/- 0.00
   noise 0.06: 99.22 +/- 0.00
   noise 0.08: 93.75 +/- 0.00
   noise 0.1: 78.72 +/- 0.00
   noise 0.12: 60.09 +/- 0.00
   noise 0.14: 51.73 +/- 0.00
   noise 0.16: 50.13 +/- 0.00
   noise 0.2: 50.00 +/- 0.00
   occlusion 0: 99.99 +/- 0.00
   occlusion 40: 98.19 +/- 0.00
   occlusion 80: 94.12 +/- 0.00
   occlusion 100: 90.68 +/- 0.00
== evaluating mlp_head_seed2 [mlp_head] (single disk pass, 12 levels x 1 seeds) ==
   ...batch 0
   ...batch 50
   ...batch 100
   ...batch 150
   ...batch 200
   ...batch 250
   ...batch 300
   noise 0.0: 100.00 +/- 0.00
   noise 0.06: 99.52 +/- 0.00
   noise 0.08: 93.31 +/- 0.00
   noise 0.1: 72.72 +/- 0.00
   noise 0.12: 54.98 +/- 0.00
   noise 0.14: 50.48 +/- 0.00
   noise 0.16: 50.03 +/- 0.00
   noise 0.2: 50.00 +/- 0.00
   occlusion 0: 100.00 +/- 0.00
   occlusion 40: 99.51 +/- 0.00
   occlusion 80: 98.46 +/- 0.00
   occlusion 100: 97.50 +/- 0.00
== evaluating qresnet_q4l2strong_seed0 [qresnet_q4l2strong] (single disk pass, 12 levels x 1 seeds) ==
   ...batch 0
   ...batch 50
   ...batch 100
   ...batch 150
   ...batch 200
   ...batch 250
   ...batch 300
   noise 0.0: 100.00 +/- 0.00
   noise 0.06: 96.38 +/- 0.00
   noise 0.08: 80.61 +/- 0.00
   noise 0.1: 68.64 +/- 0.00
   noise 0.12: 59.87 +/- 0.00
   noise 0.14: 53.56 +/- 0.00
   noise 0.16: 50.89 +/- 0.00
   noise 0.2: 50.02 +/- 0.00
   occlusion 0: 100.00 +/- 0.00
   occlusion 40: 97.85 +/- 0.00
   occlusion 80: 95.44 +/- 0.00
   occlusion 100: 93.85 +/- 0.00
== evaluating qresnet_q4l2strong_seed1 [qresnet_q4l2strong] (single disk pass, 12 levels x 1 seeds) ==
   ...batch 0
   ...batch 50
   ...batch 100
   ...batch 150
   ...batch 200
   ...batch 250
   ...batch 300
   noise 0.0: 100.00 +/- 0.00
   noise 0.06: 99.94 +/- 0.00
   noise 0.08: 98.94 +/- 0.00
   noise 0.1: 91.36 +/- 0.00
   noise 0.12: 81.53 +/- 0.00
   noise 0.14: 70.08 +/- 0.00
   noise 0.16: 59.58 +/- 0.00
   noise 0.2: 50.61 +/- 0.00
   occlusion 0: 100.00 +/- 0.00
   occlusion 40: 94.76 +/- 0.00
   occlusion 80: 88.48 +/- 0.00
   occlusion 100: 84.47 +/- 0.00
== evaluating qresnet_q4l2strong_seed2 [qresnet_q4l2strong] (single disk pass, 12 levels x 1 seeds) ==
   ...batch 0
   ...batch 50
   ...batch 100
   ...batch 150
   ...batch 200
   ...batch 250
   ...batch 300
   noise 0.0: 100.00 +/- 0.00
   noise 0.06: 75.86 +/- 0.00
   noise 0.08: 55.45 +/- 0.00
   noise 0.1: 48.42 +/- 0.00
   noise 0.12: 48.72 +/- 0.00
   noise 0.14: 49.98 +/- 0.00
   noise 0.16: 50.00 +/- 0.00
   noise 0.2: 50.00 +/- 0.00
   occlusion 0: 100.00 +/- 0.00
   occlusion 40: 98.67 +/- 0.00
   occlusion 80: 95.90 +/- 0.00
   occlusion 100: 93.02 +/- 0.00
[SUCCESS] raw per-seed results -> experiments_revision/robustness_raw.csv
[SUCCESS] summary -> experiments_revision/robustness_raw_summary.csv

--- derived robustness metrics ---
/home/daipv11/Quantum-Quishing-Detection/revision/robustness.py:160: DeprecationWarning: `trapz` is deprecated. Use `trapezoid` instead, or one of the numerical integration functions in `scipy.integrate`.
  aurc = float(np.trapz(ys, xs) / (xs.max() - xs.min())) if xs.max() > xs.min() else float(ys.mean())
   bottleneck_fc  na=False noise     AURC= 81.08  sigma*=0.14
   bottleneck_fc  na=False occlusion AURC= 98.50  sigma*=100.0
   classic_fc     na=False noise     AURC= 76.33  sigma*=0.12
   classic_fc     na=False occlusion AURC= 98.69  sigma*=100.0
   classic_fc     na=True noise     AURC= 99.98  sigma*=0.2
   classic_fc     na=True occlusion AURC= 99.36  sigma*=100.0
   mlp_head       na=False noise     AURC= 79.70  sigma*=0.14
   mlp_head       na=False occlusion AURC= 97.60  sigma*=100.0
   mlp_head       na=True noise     AURC= 99.23  sigma*=0.2
   mlp_head       na=True occlusion AURC= 98.46  sigma*=100.0
   qresnet_q4l2strong na=False noise     AURC= 73.09  sigma*=0.1
   qresnet_q4l2strong na=False occlusion AURC= 95.86  sigma*=100.0
[report] wrote experiments_revision/REPORT.md
