[log] 2026-06-15T09:16:55 writing console to experiments_revision/logs/run_ablation_20260615_091655.log
--> [INFO] Found 200000 images. Classes: ['benign', 'malicious']
--> [INFO] Stratified split: train=140000 val=20000 test=40000
[classic_fc_seed0] epoch 1/5 batch 1/1094 loss=0.7451 (46 img/s)
[classic_fc_seed0] epoch 1/5 batch 201/1094 loss=0.0725 (1595 img/s)
[classic_fc_seed0] epoch 1/5 batch 401/1094 loss=0.0374 (1742 img/s)
[classic_fc_seed0] epoch 1/5 batch 601/1094 loss=0.0254 (1793 img/s)
[classic_fc_seed0] epoch 1/5 batch 801/1094 loss=0.0197 (1821 img/s)
[classic_fc_seed0] epoch 1/5 batch 1001/1094 loss=0.0160 (1838 img/s)
[classic_fc_seed0] epoch 1/5 batch 1094/1094 loss=0.0148 (1843 img/s)
[classic_fc_seed0] epoch 1/5 loss=0.0148 val_acc=100.00 val_auc=1.0000
[classic_fc_seed0] epoch 2/5 batch 1/1094 loss=0.0001 (161 img/s)
[classic_fc_seed0] epoch 2/5 batch 201/1094 loss=0.0001 (1809 img/s)
[classic_fc_seed0] epoch 2/5 batch 401/1094 loss=0.0001 (1858 img/s)
[classic_fc_seed0] epoch 2/5 batch 601/1094 loss=0.0001 (1870 img/s)
[classic_fc_seed0] epoch 2/5 batch 801/1094 loss=0.0001 (1876 img/s)
[classic_fc_seed0] epoch 2/5 batch 1001/1094 loss=0.0001 (1879 img/s)
[classic_fc_seed0] epoch 2/5 batch 1094/1094 loss=0.0001 (1880 img/s)
[classic_fc_seed0] epoch 2/5 loss=0.0001 val_acc=100.00 val_auc=1.0000
[classic_fc_seed0] epoch 3/5 batch 1/1094 loss=0.0000 (148 img/s)
[classic_fc_seed0] epoch 3/5 batch 201/1094 loss=0.0000 (1788 img/s)
[classic_fc_seed0] epoch 3/5 batch 401/1094 loss=0.0000 (1838 img/s)
[classic_fc_seed0] epoch 3/5 batch 601/1094 loss=0.0000 (1859 img/s)
[classic_fc_seed0] epoch 3/5 batch 801/1094 loss=0.0000 (1874 img/s)
[classic_fc_seed0] epoch 3/5 batch 1001/1094 loss=0.0000 (1882 img/s)
[classic_fc_seed0] epoch 3/5 batch 1094/1094 loss=0.0000 (1885 img/s)
[classic_fc_seed0] epoch 3/5 loss=0.0000 val_acc=100.00 val_auc=1.0000
[classic_fc_seed0] epoch 4/5 batch 1/1094 loss=0.0000 (156 img/s)
[classic_fc_seed0] epoch 4/5 batch 201/1094 loss=0.0000 (1816 img/s)
[classic_fc_seed0] epoch 4/5 batch 401/1094 loss=0.0000 (1865 img/s)
[classic_fc_seed0] epoch 4/5 batch 601/1094 loss=0.0000 (1883 img/s)
[classic_fc_seed0] epoch 4/5 batch 801/1094 loss=0.0000 (1892 img/s)
[classic_fc_seed0] epoch 4/5 batch 1001/1094 loss=0.0000 (1897 img/s)
[classic_fc_seed0] epoch 4/5 batch 1094/1094 loss=0.0000 (1897 img/s)
[classic_fc_seed0] epoch 4/5 loss=0.0000 val_acc=100.00 val_auc=1.0000
[classic_fc_seed0] epoch 5/5 batch 1/1094 loss=0.0000 (166 img/s)
[classic_fc_seed0] epoch 5/5 batch 201/1094 loss=0.0000 (1808 img/s)
[classic_fc_seed0] epoch 5/5 batch 401/1094 loss=0.0000 (1857 img/s)
[classic_fc_seed0] epoch 5/5 batch 601/1094 loss=0.0000 (1873 img/s)
[classic_fc_seed0] epoch 5/5 batch 801/1094 loss=0.0000 (1881 img/s)
[classic_fc_seed0] epoch 5/5 batch 1001/1094 loss=0.0000 (1886 img/s)
[classic_fc_seed0] epoch 5/5 batch 1094/1094 loss=0.0000 (1887 img/s)
[classic_fc_seed0] epoch 5/5 loss=0.0000 val_acc=100.00 val_auc=1.0000
[classic_fc_seed0] DONE. clean test: {'acc': 99.99249999999999, 'auc': 0.9999999925, 'f1': 0.999924994374578}
--> [INFO] Found 200000 images. Classes: ['benign', 'malicious']
--> [INFO] Stratified split: train=140000 val=20000 test=40000
[bottleneck_fc_seed0] epoch 1/5 batch 1/1094 loss=0.6996 (152 img/s)
[bottleneck_fc_seed0] epoch 1/5 batch 201/1094 loss=0.2290 (1788 img/s)
[bottleneck_fc_seed0] epoch 1/5 batch 401/1094 loss=0.1943 (1838 img/s)
[bottleneck_fc_seed0] epoch 1/5 batch 601/1094 loss=0.1754 (1856 img/s)
[bottleneck_fc_seed0] epoch 1/5 batch 801/1094 loss=0.1623 (1864 img/s)
[bottleneck_fc_seed0] epoch 1/5 batch 1001/1094 loss=0.1515 (1873 img/s)
[bottleneck_fc_seed0] epoch 1/5 batch 1094/1094 loss=0.1471 (1877 img/s)
[bottleneck_fc_seed0] epoch 1/5 loss=0.1471 val_acc=99.97 val_auc=1.0000
[bottleneck_fc_seed0] epoch 2/5 batch 1/1094 loss=0.0958 (158 img/s)
[bottleneck_fc_seed0] epoch 2/5 batch 201/1094 loss=0.0902 (1803 img/s)
[bottleneck_fc_seed0] epoch 2/5 batch 401/1094 loss=0.0855 (1857 img/s)
[bottleneck_fc_seed0] epoch 2/5 batch 601/1094 loss=0.0811 (1876 img/s)
[bottleneck_fc_seed0] epoch 2/5 batch 801/1094 loss=0.0772 (1885 img/s)
[bottleneck_fc_seed0] epoch 2/5 batch 1001/1094 loss=0.0736 (1891 img/s)
[bottleneck_fc_seed0] epoch 2/5 batch 1094/1094 loss=0.0722 (1893 img/s)
[bottleneck_fc_seed0] epoch 2/5 loss=0.0722 val_acc=99.85 val_auc=1.0000
[bottleneck_fc_seed0] epoch 3/5 batch 1/1094 loss=0.0534 (152 img/s)
[bottleneck_fc_seed0] epoch 3/5 batch 201/1094 loss=0.0531 (1798 img/s)
[bottleneck_fc_seed0] epoch 3/5 batch 401/1094 loss=0.0500 (1850 img/s)
[bottleneck_fc_seed0] epoch 3/5 batch 601/1094 loss=0.0475 (1868 img/s)
[bottleneck_fc_seed0] epoch 3/5 batch 801/1094 loss=0.0453 (1877 img/s)
[bottleneck_fc_seed0] epoch 3/5 batch 1001/1094 loss=0.0433 (1883 img/s)
[bottleneck_fc_seed0] epoch 3/5 batch 1094/1094 loss=0.0425 (1885 img/s)
[bottleneck_fc_seed0] epoch 3/5 loss=0.0425 val_acc=100.00 val_auc=1.0000
[bottleneck_fc_seed0] epoch 4/5 batch 1/1094 loss=0.0322 (143 img/s)
[bottleneck_fc_seed0] epoch 4/5 batch 201/1094 loss=0.0309 (1782 img/s)
[bottleneck_fc_seed0] epoch 4/5 batch 401/1094 loss=0.0297 (1831 img/s)
[bottleneck_fc_seed0] epoch 4/5 batch 601/1094 loss=0.0284 (1848 img/s)
[bottleneck_fc_seed0] epoch 4/5 batch 801/1094 loss=0.0273 (1857 img/s)
[bottleneck_fc_seed0] epoch 4/5 batch 1001/1094 loss=0.0262 (1863 img/s)
[bottleneck_fc_seed0] epoch 4/5 batch 1094/1094 loss=0.0257 (1864 img/s)
[bottleneck_fc_seed0] epoch 4/5 loss=0.0257 val_acc=100.00 val_auc=1.0000
[bottleneck_fc_seed0] epoch 5/5 batch 1/1094 loss=0.0201 (132 img/s)
[bottleneck_fc_seed0] epoch 5/5 batch 201/1094 loss=0.0195 (1771 img/s)
[bottleneck_fc_seed0] epoch 5/5 batch 401/1094 loss=0.0187 (1842 img/s)
[bottleneck_fc_seed0] epoch 5/5 batch 601/1094 loss=0.0179 (1866 img/s)
[bottleneck_fc_seed0] epoch 5/5 batch 801/1094 loss=0.0172 (1878 img/s)
[bottleneck_fc_seed0] epoch 5/5 batch 1001/1094 loss=0.0166 (1885 img/s)
[bottleneck_fc_seed0] epoch 5/5 batch 1094/1094 loss=0.0163 (1887 img/s)
[bottleneck_fc_seed0] epoch 5/5 loss=0.0163 val_acc=100.00 val_auc=1.0000
[bottleneck_fc_seed0] DONE. clean test: {'acc': 99.99249999999999, 'auc': 0.999999945, 'f1': 0.999924994374578}
--> [INFO] Found 200000 images. Classes: ['benign', 'malicious']
--> [INFO] Stratified split: train=140000 val=20000 test=40000
[mlp_head_seed0] epoch 1/5 batch 1/1094 loss=0.7310 (142 img/s)
[mlp_head_seed0] epoch 1/5 batch 201/1094 loss=0.5410 (1796 img/s)
[mlp_head_seed0] epoch 1/5 batch 401/1094 loss=0.5182 (1844 img/s)
[mlp_head_seed0] epoch 1/5 batch 601/1094 loss=0.4994 (1861 img/s)
[mlp_head_seed0] epoch 1/5 batch 801/1094 loss=0.4817 (1870 img/s)
[mlp_head_seed0] epoch 1/5 batch 1001/1094 loss=0.4648 (1875 img/s)
[mlp_head_seed0] epoch 1/5 batch 1094/1094 loss=0.4578 (1877 img/s)
[mlp_head_seed0] epoch 1/5 loss=0.4578 val_acc=100.00 val_auc=1.0000
[mlp_head_seed0] epoch 2/5 batch 1/1094 loss=0.3461 (143 img/s)
[mlp_head_seed0] epoch 2/5 batch 201/1094 loss=0.3624 (1791 img/s)
[mlp_head_seed0] epoch 2/5 batch 401/1094 loss=0.3541 (1837 img/s)
[mlp_head_seed0] epoch 2/5 batch 601/1094 loss=0.3458 (1852 img/s)
[mlp_head_seed0] epoch 2/5 batch 801/1094 loss=0.3383 (1859 img/s)
[mlp_head_seed0] epoch 2/5 batch 1001/1094 loss=0.3310 (1863 img/s)
[mlp_head_seed0] epoch 2/5 batch 1094/1094 loss=0.3275 (1864 img/s)
[mlp_head_seed0] epoch 2/5 loss=0.3275 val_acc=100.00 val_auc=1.0000
[mlp_head_seed0] epoch 3/5 batch 1/1094 loss=0.3282 (152 img/s)
[mlp_head_seed0] epoch 3/5 batch 201/1094 loss=0.2840 (1776 img/s)
[mlp_head_seed0] epoch 3/5 batch 401/1094 loss=0.2785 (1831 img/s)
[mlp_head_seed0] epoch 3/5 batch 601/1094 loss=0.2736 (1858 img/s)
[mlp_head_seed0] epoch 3/5 batch 801/1094 loss=0.2680 (1872 img/s)
[mlp_head_seed0] epoch 3/5 batch 1001/1094 loss=0.2636 (1879 img/s)
[mlp_head_seed0] epoch 3/5 batch 1094/1094 loss=0.2615 (1882 img/s)
[mlp_head_seed0] epoch 3/5 loss=0.2615 val_acc=99.98 val_auc=1.0000
[mlp_head_seed0] epoch 4/5 batch 1/1094 loss=0.2709 (175 img/s)
[mlp_head_seed0] epoch 4/5 batch 201/1094 loss=0.2321 (1801 img/s)
[mlp_head_seed0] epoch 4/5 batch 401/1094 loss=0.2292 (1854 img/s)
[mlp_head_seed0] epoch 4/5 batch 601/1094 loss=0.2253 (1872 img/s)
[mlp_head_seed0] epoch 4/5 batch 801/1094 loss=0.2215 (1881 img/s)
[mlp_head_seed0] epoch 4/5 batch 1001/1094 loss=0.2177 (1885 img/s)
[mlp_head_seed0] epoch 4/5 batch 1094/1094 loss=0.2161 (1886 img/s)
[mlp_head_seed0] epoch 4/5 loss=0.2161 val_acc=100.00 val_auc=1.0000
[mlp_head_seed0] epoch 5/5 batch 1/1094 loss=0.1824 (168 img/s)
[mlp_head_seed0] epoch 5/5 batch 201/1094 loss=0.1951 (1796 img/s)
[mlp_head_seed0] epoch 5/5 batch 401/1094 loss=0.1918 (1846 img/s)
[mlp_head_seed0] epoch 5/5 batch 601/1094 loss=0.1885 (1864 img/s)
[mlp_head_seed0] epoch 5/5 batch 801/1094 loss=0.1853 (1873 img/s)
[mlp_head_seed0] epoch 5/5 batch 1001/1094 loss=0.1827 (1877 img/s)
[mlp_head_seed0] epoch 5/5 batch 1094/1094 loss=0.1816 (1878 img/s)
[mlp_head_seed0] epoch 5/5 loss=0.1816 val_acc=100.00 val_auc=1.0000
[mlp_head_seed0] DONE. clean test: {'acc': 99.99249999999999, 'auc': 0.9999499975, 'f1': 0.9999250018749531}
--> [INFO] Found 200000 images. Classes: ['benign', 'malicious']
--> [INFO] Stratified split: train=140000 val=20000 test=40000
[qresnet_q4l2strong_seed0] epoch 1/5 batch 1/1094 loss=0.7058 (115 img/s)
[qresnet_q4l2strong_seed0] epoch 1/5 batch 201/1094 loss=0.5301 (1180 img/s)
[qresnet_q4l2strong_seed0] epoch 1/5 batch 401/1094 loss=0.4935 (1212 img/s)
[qresnet_q4l2strong_seed0] epoch 1/5 batch 601/1094 loss=0.4716 (1231 img/s)
[qresnet_q4l2strong_seed0] epoch 1/5 batch 801/1094 loss=0.4553 (1238 img/s)
[qresnet_q4l2strong_seed0] epoch 1/5 batch 1001/1094 loss=0.4416 (1242 img/s)
[qresnet_q4l2strong_seed0] epoch 1/5 batch 1094/1094 loss=0.4358 (1243 img/s)
[qresnet_q4l2strong_seed0] epoch 1/5 loss=0.4358 val_acc=99.99 val_auc=1.0000
[qresnet_q4l2strong_seed0] epoch 2/5 batch 1/1094 loss=0.3690 (146 img/s)
[qresnet_q4l2strong_seed0] epoch 2/5 batch 201/1094 loss=0.3604 (1197 img/s)
[qresnet_q4l2strong_seed0] epoch 2/5 batch 401/1094 loss=0.3521 (1211 img/s)
[qresnet_q4l2strong_seed0] epoch 2/5 batch 601/1094 loss=0.3444 (1215 img/s)
[qresnet_q4l2strong_seed0] epoch 2/5 batch 801/1094 loss=0.3369 (1221 img/s)
[qresnet_q4l2strong_seed0] epoch 2/5 batch 1001/1094 loss=0.3300 (1221 img/s)
[qresnet_q4l2strong_seed0] epoch 2/5 batch 1094/1094 loss=0.3267 (1219 img/s)
[qresnet_q4l2strong_seed0] epoch 2/5 loss=0.3267 val_acc=100.00 val_auc=1.0000
[qresnet_q4l2strong_seed0] epoch 3/5 batch 1/1094 loss=0.2867 (143 img/s)
[qresnet_q4l2strong_seed0] epoch 3/5 batch 201/1094 loss=0.2812 (1183 img/s)
[qresnet_q4l2strong_seed0] epoch 3/5 batch 401/1094 loss=0.2745 (1210 img/s)
[qresnet_q4l2strong_seed0] epoch 3/5 batch 601/1094 loss=0.2681 (1221 img/s)
[qresnet_q4l2strong_seed0] epoch 3/5 batch 801/1094 loss=0.2619 (1228 img/s)
[qresnet_q4l2strong_seed0] epoch 3/5 batch 1001/1094 loss=0.2558 (1230 img/s)
[qresnet_q4l2strong_seed0] epoch 3/5 batch 1094/1094 loss=0.2529 (1230 img/s)
[qresnet_q4l2strong_seed0] epoch 3/5 loss=0.2529 val_acc=100.00 val_auc=1.0000
[qresnet_q4l2strong_seed0] epoch 4/5 batch 1/1094 loss=0.2141 (155 img/s)
[qresnet_q4l2strong_seed0] epoch 4/5 batch 201/1094 loss=0.2139 (1195 img/s)
[qresnet_q4l2strong_seed0] epoch 4/5 batch 401/1094 loss=0.2093 (1195 img/s)
[qresnet_q4l2strong_seed0] epoch 4/5 batch 601/1094 loss=0.2036 (1200 img/s)
[qresnet_q4l2strong_seed0] epoch 4/5 batch 801/1094 loss=0.1980 (1202 img/s)
[qresnet_q4l2strong_seed0] epoch 4/5 batch 1001/1094 loss=0.1925 (1207 img/s)
[qresnet_q4l2strong_seed0] epoch 4/5 batch 1094/1094 loss=0.1900 (1209 img/s)
[qresnet_q4l2strong_seed0] epoch 4/5 loss=0.1900 val_acc=99.98 val_auc=1.0000
[qresnet_q4l2strong_seed0] epoch 5/5 batch 1/1094 loss=0.1617 (156 img/s)
[qresnet_q4l2strong_seed0] epoch 5/5 batch 201/1094 loss=0.1532 (1182 img/s)
[qresnet_q4l2strong_seed0] epoch 5/5 batch 401/1094 loss=0.1449 (1206 img/s)
[qresnet_q4l2strong_seed0] epoch 5/5 batch 601/1094 loss=0.1373 (1222 img/s)
[qresnet_q4l2strong_seed0] epoch 5/5 batch 801/1094 loss=0.1305 (1232 img/s)
[qresnet_q4l2strong_seed0] epoch 5/5 batch 1001/1094 loss=0.1244 (1238 img/s)
[qresnet_q4l2strong_seed0] epoch 5/5 batch 1094/1094 loss=0.1217 (1240 img/s)
[qresnet_q4l2strong_seed0] epoch 5/5 loss=0.1217 val_acc=100.00 val_auc=1.0000
[qresnet_q4l2strong_seed0] DONE. clean test: {'acc': 99.995, 'auc': 0.999999985, 'f1': 0.999950002499875}
--> [INFO] Found 200000 images. Classes: ['benign', 'malicious']
--> [INFO] Stratified split: train=140000 val=20000 test=40000
[classic_fc_seed1] epoch 1/5 batch 1/1094 loss=0.7635 (125 img/s)
[classic_fc_seed1] epoch 1/5 batch 201/1094 loss=0.0771 (1776 img/s)
[classic_fc_seed1] epoch 1/5 batch 401/1094 loss=0.0414 (1838 img/s)
[classic_fc_seed1] epoch 1/5 batch 601/1094 loss=0.0280 (1859 img/s)
[classic_fc_seed1] epoch 1/5 batch 801/1094 loss=0.0213 (1869 img/s)
[classic_fc_seed1] epoch 1/5 batch 1001/1094 loss=0.0171 (1875 img/s)
[classic_fc_seed1] epoch 1/5 batch 1094/1094 loss=0.0156 (1877 img/s)
[classic_fc_seed1] epoch 1/5 loss=0.0156 val_acc=100.00 val_auc=1.0000
[classic_fc_seed1] epoch 2/5 batch 1/1094 loss=0.0000 (168 img/s)
[classic_fc_seed1] epoch 2/5 batch 201/1094 loss=0.0003 (1781 img/s)
[classic_fc_seed1] epoch 2/5 batch 401/1094 loss=0.0003 (1830 img/s)
[classic_fc_seed1] epoch 2/5 batch 601/1094 loss=0.0002 (1847 img/s)
[classic_fc_seed1] epoch 2/5 batch 801/1094 loss=0.0002 (1857 img/s)
[classic_fc_seed1] epoch 2/5 batch 1001/1094 loss=0.0001 (1862 img/s)
[classic_fc_seed1] epoch 2/5 batch 1094/1094 loss=0.0001 (1864 img/s)
[classic_fc_seed1] epoch 2/5 loss=0.0001 val_acc=100.00 val_auc=1.0000
[classic_fc_seed1] epoch 3/5 batch 1/1094 loss=0.0000 (157 img/s)
[classic_fc_seed1] epoch 3/5 batch 201/1094 loss=0.0000 (1791 img/s)
[classic_fc_seed1] epoch 3/5 batch 401/1094 loss=0.0000 (1851 img/s)
[classic_fc_seed1] epoch 3/5 batch 601/1094 loss=0.0000 (1872 img/s)
[classic_fc_seed1] epoch 3/5 batch 801/1094 loss=0.0000 (1882 img/s)
[classic_fc_seed1] epoch 3/5 batch 1001/1094 loss=0.0000 (1888 img/s)
[classic_fc_seed1] epoch 3/5 batch 1094/1094 loss=0.0000 (1889 img/s)
[classic_fc_seed1] epoch 3/5 loss=0.0000 val_acc=100.00 val_auc=1.0000
[classic_fc_seed1] epoch 4/5 batch 1/1094 loss=0.0000 (149 img/s)
[classic_fc_seed1] epoch 4/5 batch 201/1094 loss=0.0000 (1804 img/s)
[classic_fc_seed1] epoch 4/5 batch 401/1094 loss=0.0000 (1860 img/s)
[classic_fc_seed1] epoch 4/5 batch 601/1094 loss=0.0000 (1879 img/s)
[classic_fc_seed1] epoch 4/5 batch 801/1094 loss=0.0000 (1883 img/s)
[classic_fc_seed1] epoch 4/5 batch 1001/1094 loss=0.0000 (1887 img/s)
[classic_fc_seed1] epoch 4/5 batch 1094/1094 loss=0.0000 (1888 img/s)
[classic_fc_seed1] epoch 4/5 loss=0.0000 val_acc=100.00 val_auc=1.0000
[classic_fc_seed1] epoch 5/5 batch 1/1094 loss=0.0000 (143 img/s)
[classic_fc_seed1] epoch 5/5 batch 201/1094 loss=0.0000 (1790 img/s)
[classic_fc_seed1] epoch 5/5 batch 401/1094 loss=0.0000 (1843 img/s)
[classic_fc_seed1] epoch 5/5 batch 601/1094 loss=0.0000 (1862 img/s)
[classic_fc_seed1] epoch 5/5 batch 801/1094 loss=0.0000 (1866 img/s)
[classic_fc_seed1] epoch 5/5 batch 1001/1094 loss=0.0000 (1869 img/s)
[classic_fc_seed1] epoch 5/5 batch 1094/1094 loss=0.0000 (1869 img/s)
[classic_fc_seed1] epoch 5/5 loss=0.0000 val_acc=100.00 val_auc=1.0000
[classic_fc_seed1] DONE. clean test: {'acc': 99.99749999999999, 'auc': 0.999999995, 'f1': 0.9999749993749844}
--> [INFO] Found 200000 images. Classes: ['benign', 'malicious']
--> [INFO] Stratified split: train=140000 val=20000 test=40000
[bottleneck_fc_seed1] epoch 1/5 batch 1/1094 loss=0.6949 (150 img/s)
[bottleneck_fc_seed1] epoch 1/5 batch 201/1094 loss=0.2139 (1770 img/s)
[bottleneck_fc_seed1] epoch 1/5 batch 401/1094 loss=0.1771 (1824 img/s)
[bottleneck_fc_seed1] epoch 1/5 batch 601/1094 loss=0.1582 (1851 img/s)
[bottleneck_fc_seed1] epoch 1/5 batch 801/1094 loss=0.1451 (1864 img/s)
[bottleneck_fc_seed1] epoch 1/5 batch 1001/1094 loss=0.1347 (1872 img/s)
[bottleneck_fc_seed1] epoch 1/5 batch 1094/1094 loss=0.1305 (1874 img/s)
[bottleneck_fc_seed1] epoch 1/5 loss=0.1305 val_acc=99.98 val_auc=1.0000
[bottleneck_fc_seed1] epoch 2/5 batch 1/1094 loss=0.0836 (134 img/s)
[bottleneck_fc_seed1] epoch 2/5 batch 201/1094 loss=0.0782 (1790 img/s)
[bottleneck_fc_seed1] epoch 2/5 batch 401/1094 loss=0.0738 (1847 img/s)
[bottleneck_fc_seed1] epoch 2/5 batch 601/1094 loss=0.0699 (1866 img/s)
[bottleneck_fc_seed1] epoch 2/5 batch 801/1094 loss=0.0664 (1877 img/s)
[bottleneck_fc_seed1] epoch 2/5 batch 1001/1094 loss=0.0633 (1881 img/s)
[bottleneck_fc_seed1] epoch 2/5 batch 1094/1094 loss=0.0624 (1882 img/s)
[bottleneck_fc_seed1] epoch 2/5 loss=0.0624 val_acc=89.92 val_auc=0.9999
[bottleneck_fc_seed1] epoch 3/5 batch 1/1094 loss=0.0480 (156 img/s)
[bottleneck_fc_seed1] epoch 3/5 batch 201/1094 loss=0.0451 (1787 img/s)
[bottleneck_fc_seed1] epoch 3/5 batch 401/1094 loss=0.0426 (1839 img/s)
[bottleneck_fc_seed1] epoch 3/5 batch 601/1094 loss=0.0406 (1858 img/s)
[bottleneck_fc_seed1] epoch 3/5 batch 801/1094 loss=0.0387 (1868 img/s)
[bottleneck_fc_seed1] epoch 3/5 batch 1001/1094 loss=0.0370 (1870 img/s)
[bottleneck_fc_seed1] epoch 3/5 batch 1094/1094 loss=0.0363 (1871 img/s)
[bottleneck_fc_seed1] epoch 3/5 loss=0.0363 val_acc=100.00 val_auc=1.0000
[bottleneck_fc_seed1] epoch 4/5 batch 1/1094 loss=0.0278 (140 img/s)
[bottleneck_fc_seed1] epoch 4/5 batch 201/1094 loss=0.0265 (1759 img/s)
[bottleneck_fc_seed1] epoch 4/5 batch 401/1094 loss=0.0254 (1816 img/s)
[bottleneck_fc_seed1] epoch 4/5 batch 601/1094 loss=0.0243 (1836 img/s)
[bottleneck_fc_seed1] epoch 4/5 batch 801/1094 loss=0.0234 (1846 img/s)
[bottleneck_fc_seed1] epoch 4/5 batch 1001/1094 loss=0.0225 (1855 img/s)
[bottleneck_fc_seed1] epoch 4/5 batch 1094/1094 loss=0.0221 (1859 img/s)
[bottleneck_fc_seed1] epoch 4/5 loss=0.0221 val_acc=100.00 val_auc=1.0000
[bottleneck_fc_seed1] epoch 5/5 batch 1/1094 loss=0.0173 (125 img/s)
[bottleneck_fc_seed1] epoch 5/5 batch 201/1094 loss=0.0166 (1781 img/s)
[bottleneck_fc_seed1] epoch 5/5 batch 401/1094 loss=0.0160 (1841 img/s)
[bottleneck_fc_seed1] epoch 5/5 batch 601/1094 loss=0.0157 (1863 img/s)
[bottleneck_fc_seed1] epoch 5/5 batch 801/1094 loss=0.0161 (1874 img/s)
[bottleneck_fc_seed1] epoch 5/5 batch 1001/1094 loss=0.0153 (1880 img/s)
[bottleneck_fc_seed1] epoch 5/5 batch 1094/1094 loss=0.0150 (1882 img/s)
[bottleneck_fc_seed1] epoch 5/5 loss=0.0150 val_acc=100.00 val_auc=1.0000
[bottleneck_fc_seed1] DONE. clean test: {'acc': 99.99749999999999, 'auc': 0.9999999924999999, 'f1': 0.9999750006249843}
--> [INFO] Found 200000 images. Classes: ['benign', 'malicious']
--> [INFO] Stratified split: train=140000 val=20000 test=40000
[mlp_head_seed1] epoch 1/5 batch 1/1094 loss=0.8093 (120 img/s)
[mlp_head_seed1] epoch 1/5 batch 201/1094 loss=0.5820 (1770 img/s)
[mlp_head_seed1] epoch 1/5 batch 401/1094 loss=0.5408 (1833 img/s)
[mlp_head_seed1] epoch 1/5 batch 601/1094 loss=0.5097 (1855 img/s)
[mlp_head_seed1] epoch 1/5 batch 801/1094 loss=0.4828 (1865 img/s)
[mlp_head_seed1] epoch 1/5 batch 1001/1094 loss=0.4583 (1872 img/s)
[mlp_head_seed1] epoch 1/5 batch 1094/1094 loss=0.4465 (1872 img/s)
[mlp_head_seed1] epoch 1/5 loss=0.4465 val_acc=100.00 val_auc=1.0000
[mlp_head_seed1] epoch 2/5 batch 1/1094 loss=0.2996 (129 img/s)
[mlp_head_seed1] epoch 2/5 batch 201/1094 loss=0.2918 (1759 img/s)
[mlp_head_seed1] epoch 2/5 batch 401/1094 loss=0.2733 (1816 img/s)
[mlp_head_seed1] epoch 2/5 batch 601/1094 loss=0.2557 (1837 img/s)
[mlp_head_seed1] epoch 2/5 batch 801/1094 loss=0.2397 (1846 img/s)
[mlp_head_seed1] epoch 2/5 batch 1001/1094 loss=0.2248 (1852 img/s)
[mlp_head_seed1] epoch 2/5 batch 1094/1094 loss=0.2184 (1854 img/s)
[mlp_head_seed1] epoch 2/5 loss=0.2184 val_acc=100.00 val_auc=1.0000
[mlp_head_seed1] epoch 3/5 batch 1/1094 loss=0.1419 (140 img/s)
[mlp_head_seed1] epoch 3/5 batch 201/1094 loss=0.1334 (1794 img/s)
[mlp_head_seed1] epoch 3/5 batch 401/1094 loss=0.1245 (1852 img/s)
[mlp_head_seed1] epoch 3/5 batch 601/1094 loss=0.1164 (1871 img/s)
[mlp_head_seed1] epoch 3/5 batch 801/1094 loss=0.1106 (1880 img/s)
[mlp_head_seed1] epoch 3/5 batch 1001/1094 loss=0.1036 (1886 img/s)
[mlp_head_seed1] epoch 3/5 batch 1094/1094 loss=0.1006 (1888 img/s)
[mlp_head_seed1] epoch 3/5 loss=0.1006 val_acc=100.00 val_auc=1.0000
[mlp_head_seed1] epoch 4/5 batch 1/1094 loss=0.0634 (149 img/s)
[mlp_head_seed1] epoch 4/5 batch 201/1094 loss=0.0607 (1802 img/s)
[mlp_head_seed1] epoch 4/5 batch 401/1094 loss=0.0569 (1850 img/s)
[mlp_head_seed1] epoch 4/5 batch 601/1094 loss=0.0534 (1865 img/s)
[mlp_head_seed1] epoch 4/5 batch 801/1094 loss=0.0502 (1874 img/s)
[mlp_head_seed1] epoch 4/5 batch 1001/1094 loss=0.0473 (1879 img/s)
[mlp_head_seed1] epoch 4/5 batch 1094/1094 loss=0.0461 (1880 img/s)
[mlp_head_seed1] epoch 4/5 loss=0.0461 val_acc=100.00 val_auc=1.0000
[mlp_head_seed1] epoch 5/5 batch 1/1094 loss=0.0301 (147 img/s)
[mlp_head_seed1] epoch 5/5 batch 201/1094 loss=0.0298 (1777 img/s)
[mlp_head_seed1] epoch 5/5 batch 401/1094 loss=0.0280 (1828 img/s)
[mlp_head_seed1] epoch 5/5 batch 601/1094 loss=0.0265 (1845 img/s)
[mlp_head_seed1] epoch 5/5 batch 801/1094 loss=0.0250 (1854 img/s)
[mlp_head_seed1] epoch 5/5 batch 1001/1094 loss=0.0237 (1860 img/s)
[mlp_head_seed1] epoch 5/5 batch 1094/1094 loss=0.0231 (1862 img/s)
[mlp_head_seed1] epoch 5/5 loss=0.0231 val_acc=100.00 val_auc=1.0000
[mlp_head_seed1] DONE. clean test: {'acc': 99.99, 'auc': 0.9999824225000001, 'f1': 0.9998999899989999}
--> [INFO] Found 200000 images. Classes: ['benign', 'malicious']
--> [INFO] Stratified split: train=140000 val=20000 test=40000
[qresnet_q4l2strong_seed1] epoch 1/5 batch 1/1094 loss=0.7186 (127 img/s)
[qresnet_q4l2strong_seed1] epoch 1/5 batch 201/1094 loss=0.5524 (1192 img/s)
[qresnet_q4l2strong_seed1] epoch 1/5 batch 401/1094 loss=0.5059 (1221 img/s)
[qresnet_q4l2strong_seed1] epoch 1/5 batch 601/1094 loss=0.4727 (1228 img/s)
[qresnet_q4l2strong_seed1] epoch 1/5 batch 801/1094 loss=0.4482 (1234 img/s)
[qresnet_q4l2strong_seed1] epoch 1/5 batch 1001/1094 loss=0.4275 (1239 img/s)
[qresnet_q4l2strong_seed1] epoch 1/5 batch 1094/1094 loss=0.4188 (1240 img/s)
[qresnet_q4l2strong_seed1] epoch 1/5 loss=0.4188 val_acc=99.86 val_auc=0.9998
[qresnet_q4l2strong_seed1] epoch 2/5 batch 1/1094 loss=0.3298 (125 img/s)
[qresnet_q4l2strong_seed1] epoch 2/5 batch 201/1094 loss=0.3080 (1166 img/s)
[qresnet_q4l2strong_seed1] epoch 2/5 batch 401/1094 loss=0.2962 (1171 img/s)
[qresnet_q4l2strong_seed1] epoch 2/5 batch 601/1094 loss=0.2848 (1175 img/s)
[qresnet_q4l2strong_seed1] epoch 2/5 batch 801/1094 loss=0.2743 (1184 img/s)
[qresnet_q4l2strong_seed1] epoch 2/5 batch 1001/1094 loss=0.2642 (1195 img/s)
[qresnet_q4l2strong_seed1] epoch 2/5 batch 1094/1094 loss=0.2603 (1198 img/s)
[qresnet_q4l2strong_seed1] epoch 2/5 loss=0.2603 val_acc=99.99 val_auc=1.0000
[qresnet_q4l2strong_seed1] epoch 3/5 batch 1/1094 loss=0.2109 (140 img/s)
[qresnet_q4l2strong_seed1] epoch 3/5 batch 201/1094 loss=0.1993 (1195 img/s)
[qresnet_q4l2strong_seed1] epoch 3/5 batch 401/1094 loss=0.1921 (1211 img/s)
[qresnet_q4l2strong_seed1] epoch 3/5 batch 601/1094 loss=0.1848 (1220 img/s)
[qresnet_q4l2strong_seed1] epoch 3/5 batch 801/1094 loss=0.1779 (1226 img/s)
[qresnet_q4l2strong_seed1] epoch 3/5 batch 1001/1094 loss=0.1715 (1230 img/s)
[qresnet_q4l2strong_seed1] epoch 3/5 batch 1094/1094 loss=0.1687 (1223 img/s)
[qresnet_q4l2strong_seed1] epoch 3/5 loss=0.1687 val_acc=100.00 val_auc=1.0000
[qresnet_q4l2strong_seed1] epoch 4/5 batch 1/1094 loss=0.1326 (115 img/s)
[qresnet_q4l2strong_seed1] epoch 4/5 batch 201/1094 loss=0.1309 (1176 img/s)
[qresnet_q4l2strong_seed1] epoch 4/5 batch 401/1094 loss=0.1262 (1200 img/s)
[qresnet_q4l2strong_seed1] epoch 4/5 batch 601/1094 loss=0.1217 (1206 img/s)
[qresnet_q4l2strong_seed1] epoch 4/5 batch 801/1094 loss=0.1192 (1209 img/s)
[qresnet_q4l2strong_seed1] epoch 4/5 batch 1001/1094 loss=0.1155 (1214 img/s)
[qresnet_q4l2strong_seed1] epoch 4/5 batch 1094/1094 loss=0.1136 (1215 img/s)
[qresnet_q4l2strong_seed1] epoch 4/5 loss=0.1136 val_acc=99.99 val_auc=1.0000
[qresnet_q4l2strong_seed1] epoch 5/5 batch 1/1094 loss=0.0918 (117 img/s)
[qresnet_q4l2strong_seed1] epoch 5/5 batch 201/1094 loss=0.0890 (1171 img/s)
[qresnet_q4l2strong_seed1] epoch 5/5 batch 401/1094 loss=0.0861 (1193 img/s)
[qresnet_q4l2strong_seed1] epoch 5/5 batch 601/1094 loss=0.0833 (1197 img/s)
[qresnet_q4l2strong_seed1] epoch 5/5 batch 801/1094 loss=0.0807 (1194 img/s)
[qresnet_q4l2strong_seed1] epoch 5/5 batch 1001/1094 loss=0.0783 (1204 img/s)
[qresnet_q4l2strong_seed1] epoch 5/5 batch 1094/1094 loss=0.0772 (1208 img/s)
[qresnet_q4l2strong_seed1] epoch 5/5 loss=0.0772 val_acc=100.00 val_auc=1.0000
[qresnet_q4l2strong_seed1] DONE. clean test: {'acc': 99.99749999999999, 'auc': 1.0, 'f1': 0.9999750006249843}
--> [INFO] Found 200000 images. Classes: ['benign', 'malicious']
--> [INFO] Stratified split: train=140000 val=20000 test=40000
[classic_fc_seed2] epoch 1/5 batch 1/1094 loss=0.7515 (148 img/s)
[classic_fc_seed2] epoch 1/5 batch 201/1094 loss=0.0793 (1792 img/s)
[classic_fc_seed2] epoch 1/5 batch 401/1094 loss=0.0420 (1844 img/s)
[classic_fc_seed2] epoch 1/5 batch 601/1094 loss=0.0287 (1859 img/s)
[classic_fc_seed2] epoch 1/5 batch 801/1094 loss=0.0219 (1865 img/s)
[classic_fc_seed2] epoch 1/5 batch 1001/1094 loss=0.0176 (1869 img/s)
[classic_fc_seed2] epoch 1/5 batch 1094/1094 loss=0.0163 (1870 img/s)
[classic_fc_seed2] epoch 1/5 loss=0.0163 val_acc=99.83 val_auc=1.0000
[classic_fc_seed2] epoch 2/5 batch 1/1094 loss=0.0022 (156 img/s)
[classic_fc_seed2] epoch 2/5 batch 201/1094 loss=0.0006 (1785 img/s)
[classic_fc_seed2] epoch 2/5 batch 401/1094 loss=0.0003 (1833 img/s)
[classic_fc_seed2] epoch 2/5 batch 601/1094 loss=0.0008 (1853 img/s)
[classic_fc_seed2] epoch 2/5 batch 801/1094 loss=0.0012 (1870 img/s)
[classic_fc_seed2] epoch 2/5 batch 1001/1094 loss=0.0010 (1880 img/s)
[classic_fc_seed2] epoch 2/5 batch 1094/1094 loss=0.0010 (1883 img/s)
[classic_fc_seed2] epoch 2/5 loss=0.0010 val_acc=100.00 val_auc=1.0000
[classic_fc_seed2] epoch 3/5 batch 1/1094 loss=0.0000 (122 img/s)
[classic_fc_seed2] epoch 3/5 batch 201/1094 loss=0.0002 (1782 img/s)
[classic_fc_seed2] epoch 3/5 batch 401/1094 loss=0.0001 (1844 img/s)
[classic_fc_seed2] epoch 3/5 batch 601/1094 loss=0.0001 (1866 img/s)
[classic_fc_seed2] epoch 3/5 batch 801/1094 loss=0.0001 (1877 img/s)
[classic_fc_seed2] epoch 3/5 batch 1001/1094 loss=0.0001 (1883 img/s)
[classic_fc_seed2] epoch 3/5 batch 1094/1094 loss=0.0001 (1885 img/s)
[classic_fc_seed2] epoch 3/5 loss=0.0001 val_acc=100.00 val_auc=1.0000
[classic_fc_seed2] epoch 4/5 batch 1/1094 loss=0.0000 (141 img/s)
[classic_fc_seed2] epoch 4/5 batch 201/1094 loss=0.0000 (1787 img/s)
[classic_fc_seed2] epoch 4/5 batch 401/1094 loss=0.0000 (1842 img/s)
[classic_fc_seed2] epoch 4/5 batch 601/1094 loss=0.0000 (1861 img/s)
[classic_fc_seed2] epoch 4/5 batch 801/1094 loss=0.0000 (1870 img/s)
[classic_fc_seed2] epoch 4/5 batch 1001/1094 loss=0.0009 (1877 img/s)
[classic_fc_seed2] epoch 4/5 batch 1094/1094 loss=0.0010 (1878 img/s)
[classic_fc_seed2] epoch 4/5 loss=0.0010 val_acc=100.00 val_auc=1.0000
[classic_fc_seed2] epoch 5/5 batch 1/1094 loss=0.0002 (103 img/s)
[classic_fc_seed2] epoch 5/5 batch 201/1094 loss=0.0002 (1713 img/s)
[classic_fc_seed2] epoch 5/5 batch 401/1094 loss=0.0001 (1792 img/s)
[classic_fc_seed2] epoch 5/5 batch 601/1094 loss=0.0001 (1819 img/s)
[classic_fc_seed2] epoch 5/5 batch 801/1094 loss=0.0001 (1834 img/s)
[classic_fc_seed2] epoch 5/5 batch 1001/1094 loss=0.0001 (1843 img/s)
[classic_fc_seed2] epoch 5/5 batch 1094/1094 loss=0.0001 (1846 img/s)
[classic_fc_seed2] epoch 5/5 loss=0.0001 val_acc=100.00 val_auc=1.0000
[classic_fc_seed2] DONE. clean test: {'acc': 99.99, 'auc': 0.9999999850000001, 'f1': 0.99989999499975}
--> [INFO] Found 200000 images. Classes: ['benign', 'malicious']
--> [INFO] Stratified split: train=140000 val=20000 test=40000
[bottleneck_fc_seed2] epoch 1/5 batch 1/1094 loss=0.7580 (134 img/s)
[bottleneck_fc_seed2] epoch 1/5 batch 201/1094 loss=0.3556 (1777 img/s)
[bottleneck_fc_seed2] epoch 1/5 batch 401/1094 loss=0.3157 (1840 img/s)
[bottleneck_fc_seed2] epoch 1/5 batch 601/1094 loss=0.2905 (1862 img/s)
[bottleneck_fc_seed2] epoch 1/5 batch 801/1094 loss=0.2701 (1874 img/s)
[bottleneck_fc_seed2] epoch 1/5 batch 1001/1094 loss=0.2528 (1881 img/s)
[bottleneck_fc_seed2] epoch 1/5 batch 1094/1094 loss=0.2455 (1883 img/s)
[bottleneck_fc_seed2] epoch 1/5 loss=0.2455 val_acc=100.00 val_auc=1.0000
[bottleneck_fc_seed2] epoch 2/5 batch 1/1094 loss=0.1691 (132 img/s)
[bottleneck_fc_seed2] epoch 2/5 batch 201/1094 loss=0.1532 (1787 img/s)
[bottleneck_fc_seed2] epoch 2/5 batch 401/1094 loss=0.1452 (1843 img/s)
[bottleneck_fc_seed2] epoch 2/5 batch 601/1094 loss=0.1379 (1861 img/s)
[bottleneck_fc_seed2] epoch 2/5 batch 801/1094 loss=0.1308 (1870 img/s)
[bottleneck_fc_seed2] epoch 2/5 batch 1001/1094 loss=0.1244 (1875 img/s)
[bottleneck_fc_seed2] epoch 2/5 batch 1094/1094 loss=0.1216 (1877 img/s)
[bottleneck_fc_seed2] epoch 2/5 loss=0.1216 val_acc=100.00 val_auc=1.0000
[bottleneck_fc_seed2] epoch 3/5 batch 1/1094 loss=0.0934 (148 img/s)
[bottleneck_fc_seed2] epoch 3/5 batch 201/1094 loss=0.0851 (1781 img/s)
[bottleneck_fc_seed2] epoch 3/5 batch 401/1094 loss=0.0809 (1835 img/s)
[bottleneck_fc_seed2] epoch 3/5 batch 601/1094 loss=0.0772 (1849 img/s)
[bottleneck_fc_seed2] epoch 3/5 batch 801/1094 loss=0.0744 (1857 img/s)
[bottleneck_fc_seed2] epoch 3/5 batch 1001/1094 loss=0.0714 (1862 img/s)
[bottleneck_fc_seed2] epoch 3/5 batch 1094/1094 loss=0.0701 (1863 img/s)
[bottleneck_fc_seed2] epoch 3/5 loss=0.0701 val_acc=99.84 val_auc=1.0000
[bottleneck_fc_seed2] epoch 4/5 batch 1/1094 loss=0.0561 (133 img/s)
[bottleneck_fc_seed2] epoch 4/5 batch 201/1094 loss=0.0513 (1766 img/s)
[bottleneck_fc_seed2] epoch 4/5 batch 401/1094 loss=0.0490 (1822 img/s)
[bottleneck_fc_seed2] epoch 4/5 batch 601/1094 loss=0.0469 (1851 img/s)
[bottleneck_fc_seed2] epoch 4/5 batch 801/1094 loss=0.0449 (1866 img/s)
[bottleneck_fc_seed2] epoch 4/5 batch 1001/1094 loss=0.0432 (1874 img/s)
[bottleneck_fc_seed2] epoch 4/5 batch 1094/1094 loss=0.0424 (1877 img/s)
[bottleneck_fc_seed2] epoch 4/5 loss=0.0424 val_acc=100.00 val_auc=1.0000
[bottleneck_fc_seed2] epoch 5/5 batch 1/1094 loss=0.0328 (125 img/s)
[bottleneck_fc_seed2] epoch 5/5 batch 201/1094 loss=0.0334 (1780 img/s)
[bottleneck_fc_seed2] epoch 5/5 batch 401/1094 loss=0.0325 (1840 img/s)
[bottleneck_fc_seed2] epoch 5/5 batch 601/1094 loss=0.0306 (1861 img/s)
[bottleneck_fc_seed2] epoch 5/5 batch 801/1094 loss=0.0293 (1872 img/s)
[bottleneck_fc_seed2] epoch 5/5 batch 1001/1094 loss=0.0282 (1877 img/s)
[bottleneck_fc_seed2] epoch 5/5 batch 1094/1094 loss=0.0277 (1878 img/s)
[bottleneck_fc_seed2] epoch 5/5 loss=0.0277 val_acc=100.00 val_auc=1.0000
[bottleneck_fc_seed2] DONE. clean test: {'acc': 99.99249999999999, 'auc': 0.9999953275000001, 'f1': 0.9999249981249532}
--> [INFO] Found 200000 images. Classes: ['benign', 'malicious']
--> [INFO] Stratified split: train=140000 val=20000 test=40000
[mlp_head_seed2] epoch 1/5 batch 1/1094 loss=0.7548 (124 img/s)
[mlp_head_seed2] epoch 1/5 batch 201/1094 loss=0.4262 (1774 img/s)
[mlp_head_seed2] epoch 1/5 batch 401/1094 loss=0.3843 (1832 img/s)
[mlp_head_seed2] epoch 1/5 batch 601/1094 loss=0.3564 (1847 img/s)
[mlp_head_seed2] epoch 1/5 batch 801/1094 loss=0.3322 (1855 img/s)
[mlp_head_seed2] epoch 1/5 batch 1001/1094 loss=0.3091 (1859 img/s)
[mlp_head_seed2] epoch 1/5 batch 1094/1094 loss=0.2987 (1861 img/s)
[mlp_head_seed2] epoch 1/5 loss=0.2987 val_acc=100.00 val_auc=1.0000
[mlp_head_seed2] epoch 2/5 batch 1/1094 loss=0.1802 (129 img/s)
[mlp_head_seed2] epoch 2/5 batch 201/1094 loss=0.1609 (1764 img/s)
[mlp_head_seed2] epoch 2/5 batch 401/1094 loss=0.1463 (1823 img/s)
[mlp_head_seed2] epoch 2/5 batch 601/1094 loss=0.1351 (1848 img/s)
[mlp_head_seed2] epoch 2/5 batch 801/1094 loss=0.1243 (1863 img/s)
[mlp_head_seed2] epoch 2/5 batch 1001/1094 loss=0.1148 (1872 img/s)
[mlp_head_seed2] epoch 2/5 batch 1094/1094 loss=0.1108 (1875 img/s)
[mlp_head_seed2] epoch 2/5 loss=0.1108 val_acc=100.00 val_auc=1.0000
[mlp_head_seed2] epoch 3/5 batch 1/1094 loss=0.0647 (134 img/s)
[mlp_head_seed2] epoch 3/5 batch 201/1094 loss=0.0597 (1788 img/s)
[mlp_head_seed2] epoch 3/5 batch 401/1094 loss=0.0553 (1844 img/s)
[mlp_head_seed2] epoch 3/5 batch 601/1094 loss=0.0517 (1865 img/s)
[mlp_head_seed2] epoch 3/5 batch 801/1094 loss=0.0482 (1875 img/s)
[mlp_head_seed2] epoch 3/5 batch 1001/1094 loss=0.0451 (1881 img/s)
[mlp_head_seed2] epoch 3/5 batch 1094/1094 loss=0.0437 (1882 img/s)
[mlp_head_seed2] epoch 3/5 loss=0.0437 val_acc=100.00 val_auc=1.0000
[mlp_head_seed2] epoch 4/5 batch 1/1094 loss=0.0290 (122 img/s)
[mlp_head_seed2] epoch 4/5 batch 201/1094 loss=0.0269 (1772 img/s)
[mlp_head_seed2] epoch 4/5 batch 401/1094 loss=0.0250 (1834 img/s)
[mlp_head_seed2] epoch 4/5 batch 601/1094 loss=0.0233 (1856 img/s)
[mlp_head_seed2] epoch 4/5 batch 801/1094 loss=0.0219 (1867 img/s)
[mlp_head_seed2] epoch 4/5 batch 1001/1094 loss=0.0207 (1872 img/s)
[mlp_head_seed2] epoch 4/5 batch 1094/1094 loss=0.0201 (1873 img/s)
[mlp_head_seed2] epoch 4/5 loss=0.0201 val_acc=100.00 val_auc=1.0000
[mlp_head_seed2] epoch 5/5 batch 1/1094 loss=0.0140 (144 img/s)
[mlp_head_seed2] epoch 5/5 batch 201/1094 loss=0.0130 (1779 img/s)
[mlp_head_seed2] epoch 5/5 batch 401/1094 loss=0.0122 (1831 img/s)
[mlp_head_seed2] epoch 5/5 batch 601/1094 loss=0.0115 (1849 img/s)
[mlp_head_seed2] epoch 5/5 batch 801/1094 loss=0.0108 (1858 img/s)
[mlp_head_seed2] epoch 5/5 batch 1001/1094 loss=0.0103 (1864 img/s)
[mlp_head_seed2] epoch 5/5 batch 1094/1094 loss=0.0100 (1867 img/s)
[mlp_head_seed2] epoch 5/5 loss=0.0100 val_acc=100.00 val_auc=1.0000
[mlp_head_seed2] DONE. clean test: {'acc': 99.995, 'auc': 0.99997967, 'f1': 0.999950002499875}
--> [INFO] Found 200000 images. Classes: ['benign', 'malicious']
--> [INFO] Stratified split: train=140000 val=20000 test=40000
[qresnet_q4l2strong_seed2] epoch 1/5 batch 1/1094 loss=0.6984 (119 img/s)
[qresnet_q4l2strong_seed2] epoch 1/5 batch 201/1094 loss=0.4901 (1209 img/s)
[qresnet_q4l2strong_seed2] epoch 1/5 batch 401/1094 loss=0.4411 (1229 img/s)
[qresnet_q4l2strong_seed2] epoch 1/5 batch 601/1094 loss=0.4132 (1229 img/s)
[qresnet_q4l2strong_seed2] epoch 1/5 batch 801/1094 loss=0.3923 (1230 img/s)
[qresnet_q4l2strong_seed2] epoch 1/5 batch 1001/1094 loss=0.3757 (1230 img/s)
[qresnet_q4l2strong_seed2] epoch 1/5 batch 1094/1094 loss=0.3686 (1233 img/s)
[qresnet_q4l2strong_seed2] epoch 1/5 loss=0.3686 val_acc=99.98 val_auc=1.0000
[qresnet_q4l2strong_seed2] epoch 2/5 batch 1/1094 loss=0.2995 (123 img/s)
[qresnet_q4l2strong_seed2] epoch 2/5 batch 201/1094 loss=0.2802 (1183 img/s)
[qresnet_q4l2strong_seed2] epoch 2/5 batch 401/1094 loss=0.2716 (1205 img/s)
[qresnet_q4l2strong_seed2] epoch 2/5 batch 601/1094 loss=0.2640 (1218 img/s)
[qresnet_q4l2strong_seed2] epoch 2/5 batch 801/1094 loss=0.2565 (1227 img/s)
[qresnet_q4l2strong_seed2] epoch 2/5 batch 1001/1094 loss=0.2494 (1231 img/s)
[qresnet_q4l2strong_seed2] epoch 2/5 batch 1094/1094 loss=0.2463 (1233 img/s)
[qresnet_q4l2strong_seed2] epoch 2/5 loss=0.2463 val_acc=100.00 val_auc=1.0000
[qresnet_q4l2strong_seed2] epoch 3/5 batch 1/1094 loss=0.2113 (150 img/s)
[qresnet_q4l2strong_seed2] epoch 3/5 batch 201/1094 loss=0.2042 (1205 img/s)
[qresnet_q4l2strong_seed2] epoch 3/5 batch 401/1094 loss=0.1989 (1218 img/s)
[qresnet_q4l2strong_seed2] epoch 3/5 batch 601/1094 loss=0.1931 (1226 img/s)
[qresnet_q4l2strong_seed2] epoch 3/5 batch 801/1094 loss=0.1883 (1225 img/s)
[qresnet_q4l2strong_seed2] epoch 3/5 batch 1001/1094 loss=0.1842 (1227 img/s)
[qresnet_q4l2strong_seed2] epoch 3/5 batch 1094/1094 loss=0.1819 (1227 img/s)
[qresnet_q4l2strong_seed2] epoch 3/5 loss=0.1819 val_acc=100.00 val_auc=1.0000
[qresnet_q4l2strong_seed2] epoch 4/5 batch 1/1094 loss=0.1605 (151 img/s)
[qresnet_q4l2strong_seed2] epoch 4/5 batch 201/1094 loss=0.1515 (1178 img/s)
[qresnet_q4l2strong_seed2] epoch 4/5 batch 401/1094 loss=0.1475 (1201 img/s)
[qresnet_q4l2strong_seed2] epoch 4/5 batch 601/1094 loss=0.1435 (1210 img/s)
[qresnet_q4l2strong_seed2] epoch 4/5 batch 801/1094 loss=0.1399 (1215 img/s)
[qresnet_q4l2strong_seed2] epoch 4/5 batch 1001/1094 loss=0.1366 (1220 img/s)
[qresnet_q4l2strong_seed2] epoch 4/5 batch 1094/1094 loss=0.1351 (1224 img/s)
[qresnet_q4l2strong_seed2] epoch 4/5 loss=0.1351 val_acc=100.00 val_auc=1.0000
[qresnet_q4l2strong_seed2] epoch 5/5 batch 1/1094 loss=0.1188 (120 img/s)
[qresnet_q4l2strong_seed2] epoch 5/5 batch 201/1094 loss=0.1129 (1193 img/s)
[qresnet_q4l2strong_seed2] epoch 5/5 batch 401/1094 loss=0.1091 (1222 img/s)
[qresnet_q4l2strong_seed2] epoch 5/5 batch 601/1094 loss=0.1058 (1230 img/s)
[qresnet_q4l2strong_seed2] epoch 5/5 batch 801/1094 loss=0.1026 (1232 img/s)
[qresnet_q4l2strong_seed2] epoch 5/5 batch 1001/1094 loss=0.0995 (1235 img/s)
[qresnet_q4l2strong_seed2] epoch 5/5 batch 1094/1094 loss=0.0981 (1236 img/s)
[qresnet_q4l2strong_seed2] epoch 5/5 loss=0.0981 val_acc=100.00 val_auc=1.0000
[qresnet_q4l2strong_seed2] DONE. clean test: {'acc': 99.99749999999999, 'auc': 0.9999839075, 'f1': 0.9999750006249843}
--> [INFO] Found 200000 images. Classes: ['benign', 'malicious']
--> [INFO] Stratified split: train=140000 val=20000 test=40000
== evaluating bottleneck_fc_seed0 [bottleneck_fc] (single disk pass, 22 levels x 3 seeds) ==
   ...batch 0
   ...batch 50
   ...batch 100
   ...batch 150
   ...batch 200
   ...batch 250
   ...batch 300
   noise 0.0: 99.99 +/- 0.00
   noise 0.05: 99.97 +/- 0.01
   noise 0.1: 94.35 +/- 0.11
   noise 0.15: 63.41 +/- 0.04
   noise 0.2: 52.52 +/- 0.05
   noise 0.25: 50.91 +/- 0.09
   noise 0.3: 50.17 +/- 0.03
   noise 0.35: 49.28 +/- 0.12
   noise 0.4: 49.16 +/- 0.15
   noise 0.45: 49.26 +/- 0.08
   noise 0.5: 49.18 +/- 0.07
   noise 0.55: 48.63 +/- 0.09
   noise 0.6: 48.19 +/- 0.19
   noise 0.65: 48.41 +/- 0.15
   noise 0.7: 49.41 +/- 0.16
   occlusion 0: 99.99 +/- 0.00
   occlusion 20: 99.77 +/- 0.01
   occlusion 40: 98.84 +/- 0.04
   occlusion 60: 97.50 +/- 0.03
   occlusion 80: 95.73 +/- 0.10
   occlusion 100: 92.47 +/- 0.04
   occlusion 120: 87.90 +/- 0.08
== evaluating bottleneck_fc_seed1 [bottleneck_fc] (single disk pass, 22 levels x 3 seeds) ==
   ...batch 0
   ...batch 50
