[log] 2026-06-15T10:56:47 writing console to experiments_revision/logs/run_ablation_20260615_105647.log
--> [INFO] Found 200000 images. Classes: ['benign', 'malicious']
--> [INFO] Stratified split: train=140000 val=20000 test=40000
[classic_fc_seed0] epoch 1/5 batch 1/1094 loss=0.7451 (45 img/s)
[classic_fc_seed0] epoch 1/5 batch 201/1094 loss=0.0725 (1539 img/s)
[classic_fc_seed0] epoch 1/5 batch 401/1094 loss=0.0374 (1662 img/s)
[classic_fc_seed0] epoch 1/5 batch 601/1094 loss=0.0254 (1708 img/s)
[classic_fc_seed0] epoch 1/5 batch 801/1094 loss=0.0197 (1740 img/s)
[classic_fc_seed0] epoch 1/5 batch 1001/1094 loss=0.0160 (1753 img/s)
[classic_fc_seed0] epoch 1/5 batch 1094/1094 loss=0.0148 (1760 img/s)
[classic_fc_seed0] epoch 1/5 loss=0.0148 val_acc=100.00 val_auc=1.0000
[classic_fc_seed0] epoch 2/5 batch 1/1094 loss=0.0001 (137 img/s)
[classic_fc_seed0] epoch 2/5 batch 201/1094 loss=0.0001 (1735 img/s)
[classic_fc_seed0] epoch 2/5 batch 401/1094 loss=0.0001 (1764 img/s)
[classic_fc_seed0] epoch 2/5 batch 601/1094 loss=0.0001 (1785 img/s)
[classic_fc_seed0] epoch 2/5 batch 801/1094 loss=0.0001 (1787 img/s)
[classic_fc_seed0] epoch 2/5 batch 1001/1094 loss=0.0001 (1785 img/s)
[classic_fc_seed0] epoch 2/5 batch 1094/1094 loss=0.0001 (1788 img/s)
[classic_fc_seed0] epoch 2/5 loss=0.0001 val_acc=100.00 val_auc=1.0000
[classic_fc_seed0] epoch 3/5 batch 1/1094 loss=0.0000 (123 img/s)
[classic_fc_seed0] epoch 3/5 batch 201/1094 loss=0.0000 (1672 img/s)
[classic_fc_seed0] epoch 3/5 batch 401/1094 loss=0.0000 (1719 img/s)
[classic_fc_seed0] epoch 3/5 batch 601/1094 loss=0.0000 (1749 img/s)
[classic_fc_seed0] epoch 3/5 batch 801/1094 loss=0.0000 (1753 img/s)
[classic_fc_seed0] epoch 3/5 batch 1001/1094 loss=0.0000 (1755 img/s)
[classic_fc_seed0] epoch 3/5 batch 1094/1094 loss=0.0000 (1761 img/s)
[classic_fc_seed0] epoch 3/5 loss=0.0000 val_acc=100.00 val_auc=1.0000
[classic_fc_seed0] epoch 4/5 batch 1/1094 loss=0.0000 (134 img/s)
