[log] 2026-06-11T23:28:32 writing console to experiments_revision/logs/train_qresnet_20260611_232832.log
--> [INFO] Found 200000 images. Classes: ['benign', 'malicious']
--> [INFO] Stratified split: train=140000 val=20000 test=40000
[qresnet_seed0] epoch 1/5 batch 1/2188 loss=0.7135 (45 img/s)
[qresnet_seed0] epoch 1/5 batch 26/2188 loss=0.6629 (531 img/s)
[qresnet_seed0] epoch 1/5 batch 51/2188 loss=0.6393 (674 img/s)
[qresnet_seed0] epoch 1/5 batch 76/2188 loss=0.6183 (744 img/s)
[qresnet_seed0] epoch 1/5 batch 101/2188 loss=0.6004 (784 img/s)
[qresnet_seed0] epoch 1/5 batch 126/2188 loss=0.5853 (809 img/s)
[qresnet_seed0] epoch 1/5 batch 151/2188 loss=0.5729 (825 img/s)
[qresnet_seed0] epoch 1/5 batch 176/2188 loss=0.5624 (840 img/s)
[qresnet_seed0] epoch 1/5 batch 201/2188 loss=0.5534 (850 img/s)
[qresnet_seed0] epoch 1/5 batch 226/2188 loss=0.5454 (858 img/s)
[qresnet_seed0] epoch 1/5 batch 251/2188 loss=0.5390 (869 img/s)
[qresnet_seed0] epoch 1/5 batch 276/2188 loss=0.5329 (866 img/s)
[qresnet_seed0] epoch 1/5 batch 301/2188 loss=0.5274 (866 img/s)
[qresnet_seed0] epoch 1/5 batch 326/2188 loss=0.5220 (871 img/s)
[qresnet_seed0] epoch 1/5 batch 351/2188 loss=0.5172 (875 img/s)
[qresnet_seed0] epoch 1/5 batch 376/2188 loss=0.5126 (879 img/s)
[qresnet_seed0] epoch 1/5 batch 401/2188 loss=0.5084 (881 img/s)
[qresnet_seed0] epoch 1/5 batch 426/2188 loss=0.5046 (880 img/s)
[qresnet_seed0] epoch 1/5 batch 451/2188 loss=0.5010 (883 img/s)
[qresnet_seed0] epoch 1/5 batch 476/2188 loss=0.4975 (883 img/s)
[qresnet_seed0] epoch 1/5 batch 501/2188 loss=0.4943 (882 img/s)
[qresnet_seed0] epoch 1/5 batch 526/2188 loss=0.4912 (883 img/s)
[qresnet_seed0] epoch 1/5 batch 551/2188 loss=0.4883 (883 img/s)
[qresnet_seed0] epoch 1/5 batch 576/2188 loss=0.4854 (883 img/s)
[qresnet_seed0] epoch 1/5 batch 601/2188 loss=0.4827 (883 img/s)
[qresnet_seed0] epoch 1/5 batch 626/2188 loss=0.4801 (884 img/s)
[qresnet_seed0] epoch 1/5 batch 651/2188 loss=0.4776 (884 img/s)
[qresnet_seed0] epoch 1/5 batch 676/2188 loss=0.4752 (886 img/s)
[qresnet_seed0] epoch 1/5 batch 701/2188 loss=0.4728 (888 img/s)
[qresnet_seed0] epoch 1/5 batch 726/2188 loss=0.4706 (889 img/s)
[qresnet_seed0] epoch 1/5 batch 751/2188 loss=0.4684 (891 img/s)
[qresnet_seed0] epoch 1/5 batch 776/2188 loss=0.4663 (892 img/s)
[qresnet_seed0] epoch 1/5 batch 801/2188 loss=0.4642 (893 img/s)
[qresnet_seed0] epoch 1/5 batch 826/2188 loss=0.4621 (894 img/s)
[qresnet_seed0] epoch 1/5 batch 851/2188 loss=0.4601 (895 img/s)
[qresnet_seed0] epoch 1/5 batch 876/2188 loss=0.4581 (896 img/s)
[qresnet_seed0] epoch 1/5 batch 901/2188 loss=0.4562 (896 img/s)
[qresnet_seed0] epoch 1/5 batch 926/2188 loss=0.4543 (897 img/s)
[qresnet_seed0] epoch 1/5 batch 951/2188 loss=0.4524 (899 img/s)
[qresnet_seed0] epoch 1/5 batch 976/2188 loss=0.4506 (899 img/s)
[qresnet_seed0] epoch 1/5 batch 1001/2188 loss=0.4488 (901 img/s)
[qresnet_seed0] epoch 1/5 batch 1026/2188 loss=0.4470 (902 img/s)
[qresnet_seed0] epoch 1/5 batch 1051/2188 loss=0.4453 (903 img/s)
[qresnet_seed0] epoch 1/5 batch 1076/2188 loss=0.4436 (903 img/s)
[qresnet_seed0] epoch 1/5 batch 1101/2188 loss=0.4419 (904 img/s)
[qresnet_seed0] epoch 1/5 batch 1126/2188 loss=0.4403 (905 img/s)
[qresnet_seed0] epoch 1/5 batch 1151/2188 loss=0.4387 (906 img/s)
[qresnet_seed0] epoch 1/5 batch 1176/2188 loss=0.4371 (907 img/s)
[qresnet_seed0] epoch 1/5 batch 1201/2188 loss=0.4356 (908 img/s)
[qresnet_seed0] epoch 1/5 batch 1226/2188 loss=0.4341 (908 img/s)
[qresnet_seed0] epoch 1/5 batch 1251/2188 loss=0.4326 (909 img/s)
[qresnet_seed0] epoch 1/5 batch 1276/2188 loss=0.4311 (910 img/s)
[qresnet_seed0] epoch 1/5 batch 1301/2188 loss=0.4296 (910 img/s)
[qresnet_seed0] epoch 1/5 batch 1326/2188 loss=0.4282 (911 img/s)
[qresnet_seed0] epoch 1/5 batch 1351/2188 loss=0.4268 (912 img/s)
[qresnet_seed0] epoch 1/5 batch 1376/2188 loss=0.4254 (912 img/s)
[qresnet_seed0] epoch 1/5 batch 1401/2188 loss=0.4240 (913 img/s)
[qresnet_seed0] epoch 1/5 batch 1426/2188 loss=0.4227 (913 img/s)
[qresnet_seed0] epoch 1/5 batch 1451/2188 loss=0.4213 (914 img/s)
[qresnet_seed0] epoch 1/5 batch 1476/2188 loss=0.4199 (914 img/s)
[qresnet_seed0] epoch 1/5 batch 1501/2188 loss=0.4185 (914 img/s)
[qresnet_seed0] epoch 1/5 batch 1526/2188 loss=0.4172 (914 img/s)
[qresnet_seed0] epoch 1/5 batch 1551/2188 loss=0.4159 (915 img/s)
[qresnet_seed0] epoch 1/5 batch 1576/2188 loss=0.4145 (914 img/s)
[qresnet_seed0] epoch 1/5 batch 1601/2188 loss=0.4132 (915 img/s)
[qresnet_seed0] epoch 1/5 batch 1626/2188 loss=0.4119 (915 img/s)
[qresnet_seed0] epoch 1/5 batch 1651/2188 loss=0.4107 (916 img/s)
[qresnet_seed0] epoch 1/5 batch 1676/2188 loss=0.4094 (916 img/s)
[qresnet_seed0] epoch 1/5 batch 1701/2188 loss=0.4081 (916 img/s)
[qresnet_seed0] epoch 1/5 batch 1726/2188 loss=0.4069 (916 img/s)
[qresnet_seed0] epoch 1/5 batch 1751/2188 loss=0.4056 (917 img/s)
[qresnet_seed0] epoch 1/5 batch 1776/2188 loss=0.4044 (917 img/s)
[qresnet_seed0] epoch 1/5 batch 1801/2188 loss=0.4032 (917 img/s)
[qresnet_seed0] epoch 1/5 batch 1826/2188 loss=0.4020 (916 img/s)
[qresnet_seed0] epoch 1/5 batch 1851/2188 loss=0.4008 (917 img/s)
[qresnet_seed0] epoch 1/5 batch 1876/2188 loss=0.3996 (917 img/s)
[qresnet_seed0] epoch 1/5 batch 1901/2188 loss=0.3985 (918 img/s)
[qresnet_seed0] epoch 1/5 batch 1926/2188 loss=0.3973 (918 img/s)
[qresnet_seed0] epoch 1/5 batch 1951/2188 loss=0.3961 (918 img/s)
[qresnet_seed0] epoch 1/5 batch 1976/2188 loss=0.3950 (919 img/s)
[qresnet_seed0] epoch 1/5 batch 2001/2188 loss=0.3939 (919 img/s)
[qresnet_seed0] epoch 1/5 batch 2026/2188 loss=0.3928 (919 img/s)
[qresnet_seed0] epoch 1/5 batch 2051/2188 loss=0.3916 (918 img/s)
[qresnet_seed0] epoch 1/5 batch 2076/2188 loss=0.3905 (919 img/s)
[qresnet_seed0] epoch 1/5 batch 2101/2188 loss=0.3895 (919 img/s)
[qresnet_seed0] epoch 1/5 batch 2126/2188 loss=0.3884 (919 img/s)
[qresnet_seed0] epoch 1/5 batch 2151/2188 loss=0.3873 (919 img/s)
[qresnet_seed0] epoch 1/5 batch 2176/2188 loss=0.3862 (919 img/s)
[qresnet_seed0] epoch 1/5 batch 2188/2188 loss=0.3857 (918 img/s)
[qresnet_seed0] epoch 1/5 loss=0.3857 val_acc=100.00 val_auc=1.0000
[qresnet_seed0] epoch 2/5 batch 1/2188 loss=0.2887 (133 img/s)
[qresnet_seed0] epoch 2/5 batch 26/2188 loss=0.2896 (756 img/s)
[qresnet_seed0] epoch 2/5 batch 51/2188 loss=0.2888 (825 img/s)
[qresnet_seed0] epoch 2/5 batch 76/2188 loss=0.2881 (859 img/s)
[qresnet_seed0] epoch 2/5 batch 101/2188 loss=0.2874 (873 img/s)
[qresnet_seed0] epoch 2/5 batch 126/2188 loss=0.2865 (883 img/s)
[qresnet_seed0] epoch 2/5 batch 151/2188 loss=0.2857 (881 img/s)
[qresnet_seed0] epoch 2/5 batch 176/2188 loss=0.2848 (882 img/s)
[qresnet_seed0] epoch 2/5 batch 201/2188 loss=0.2840 (888 img/s)
[qresnet_seed0] epoch 2/5 batch 226/2188 loss=0.2832 (893 img/s)
[qresnet_seed0] epoch 2/5 batch 251/2188 loss=0.2824 (896 img/s)
[qresnet_seed0] epoch 2/5 batch 276/2188 loss=0.2815 (898 img/s)
[qresnet_seed0] epoch 2/5 batch 301/2188 loss=0.2808 (899 img/s)
[qresnet_seed0] epoch 2/5 batch 326/2188 loss=0.2799 (902 img/s)
[qresnet_seed0] epoch 2/5 batch 351/2188 loss=0.2790 (903 img/s)
[qresnet_seed0] epoch 2/5 batch 376/2188 loss=0.2782 (901 img/s)
[qresnet_seed0] epoch 2/5 batch 401/2188 loss=0.2773 (897 img/s)
[qresnet_seed0] epoch 2/5 batch 426/2188 loss=0.2765 (894 img/s)
[qresnet_seed0] epoch 2/5 batch 451/2188 loss=0.2756 (894 img/s)
[qresnet_seed0] epoch 2/5 batch 476/2188 loss=0.2748 (896 img/s)
[qresnet_seed0] epoch 2/5 batch 501/2188 loss=0.2739 (897 img/s)
[qresnet_seed0] epoch 2/5 batch 526/2188 loss=0.2730 (898 img/s)
[qresnet_seed0] epoch 2/5 batch 551/2188 loss=0.2722 (899 img/s)
[qresnet_seed0] epoch 2/5 batch 576/2188 loss=0.2713 (899 img/s)
[qresnet_seed0] epoch 2/5 batch 601/2188 loss=0.2705 (900 img/s)
[qresnet_seed0] epoch 2/5 batch 626/2188 loss=0.2696 (900 img/s)
[qresnet_seed0] epoch 2/5 batch 651/2188 loss=0.2687 (900 img/s)
[qresnet_seed0] epoch 2/5 batch 676/2188 loss=0.2678 (900 img/s)
[qresnet_seed0] epoch 2/5 batch 701/2188 loss=0.2669 (900 img/s)
[qresnet_seed0] epoch 2/5 batch 726/2188 loss=0.2660 (900 img/s)
[qresnet_seed0] epoch 2/5 batch 751/2188 loss=0.2651 (899 img/s)
[qresnet_seed0] epoch 2/5 batch 776/2188 loss=0.2643 (898 img/s)
[qresnet_seed0] epoch 2/5 batch 801/2188 loss=0.2634 (898 img/s)
[qresnet_seed0] epoch 2/5 batch 826/2188 loss=0.2625 (898 img/s)
[qresnet_seed0] epoch 2/5 batch 851/2188 loss=0.2616 (898 img/s)
[qresnet_seed0] epoch 2/5 batch 876/2188 loss=0.2607 (898 img/s)
[qresnet_seed0] epoch 2/5 batch 901/2188 loss=0.2598 (899 img/s)
[qresnet_seed0] epoch 2/5 batch 926/2188 loss=0.2589 (899 img/s)
[qresnet_seed0] epoch 2/5 batch 951/2188 loss=0.2580 (899 img/s)
[qresnet_seed0] epoch 2/5 batch 976/2188 loss=0.2571 (899 img/s)
[qresnet_seed0] epoch 2/5 batch 1001/2188 loss=0.2561 (899 img/s)
[qresnet_seed0] epoch 2/5 batch 1026/2188 loss=0.2552 (899 img/s)
[qresnet_seed0] epoch 2/5 batch 1051/2188 loss=0.2543 (898 img/s)
[qresnet_seed0] epoch 2/5 batch 1076/2188 loss=0.2533 (897 img/s)
[qresnet_seed0] epoch 2/5 batch 1101/2188 loss=0.2524 (897 img/s)
[qresnet_seed0] epoch 2/5 batch 1126/2188 loss=0.2514 (897 img/s)
[qresnet_seed0] epoch 2/5 batch 1151/2188 loss=0.2505 (897 img/s)
[qresnet_seed0] epoch 2/5 batch 1176/2188 loss=0.2496 (897 img/s)
[qresnet_seed0] epoch 2/5 batch 1201/2188 loss=0.2486 (897 img/s)
[qresnet_seed0] epoch 2/5 batch 1226/2188 loss=0.2477 (897 img/s)
[qresnet_seed0] epoch 2/5 batch 1251/2188 loss=0.2467 (897 img/s)
[qresnet_seed0] epoch 2/5 batch 1276/2188 loss=0.2458 (899 img/s)
[qresnet_seed0] epoch 2/5 batch 1301/2188 loss=0.2448 (900 img/s)
[qresnet_seed0] epoch 2/5 batch 1326/2188 loss=0.2439 (901 img/s)
[qresnet_seed0] epoch 2/5 batch 1351/2188 loss=0.2429 (901 img/s)
[qresnet_seed0] epoch 2/5 batch 1376/2188 loss=0.2420 (902 img/s)
[qresnet_seed0] epoch 2/5 batch 1401/2188 loss=0.2410 (901 img/s)
[qresnet_seed0] epoch 2/5 batch 1426/2188 loss=0.2400 (901 img/s)
[qresnet_seed0] epoch 2/5 batch 1451/2188 loss=0.2391 (901 img/s)
[qresnet_seed0] epoch 2/5 batch 1476/2188 loss=0.2382 (901 img/s)
[qresnet_seed0] epoch 2/5 batch 1501/2188 loss=0.2372 (901 img/s)
[qresnet_seed0] epoch 2/5 batch 1526/2188 loss=0.2363 (902 img/s)
[qresnet_seed0] epoch 2/5 batch 1551/2188 loss=0.2353 (902 img/s)
[qresnet_seed0] epoch 2/5 batch 1576/2188 loss=0.2344 (902 img/s)
[qresnet_seed0] epoch 2/5 batch 1601/2188 loss=0.2334 (902 img/s)
[qresnet_seed0] epoch 2/5 batch 1626/2188 loss=0.2325 (902 img/s)
[qresnet_seed0] epoch 2/5 batch 1651/2188 loss=0.2315 (902 img/s)
[qresnet_seed0] epoch 2/5 batch 1676/2188 loss=0.2306 (902 img/s)
[qresnet_seed0] epoch 2/5 batch 1701/2188 loss=0.2296 (902 img/s)
[qresnet_seed0] epoch 2/5 batch 1726/2188 loss=0.2286 (902 img/s)
[qresnet_seed0] epoch 2/5 batch 1751/2188 loss=0.2277 (902 img/s)
[qresnet_seed0] epoch 2/5 batch 1776/2188 loss=0.2267 (902 img/s)
[qresnet_seed0] epoch 2/5 batch 1801/2188 loss=0.2258 (902 img/s)
[qresnet_seed0] epoch 2/5 batch 1826/2188 loss=0.2248 (901 img/s)
[qresnet_seed0] epoch 2/5 batch 1851/2188 loss=0.2242 (901 img/s)
[qresnet_seed0] epoch 2/5 batch 1876/2188 loss=0.2236 (901 img/s)
[qresnet_seed0] epoch 2/5 batch 1901/2188 loss=0.2230 (901 img/s)
[qresnet_seed0] epoch 2/5 batch 1926/2188 loss=0.2223 (901 img/s)
[qresnet_seed0] epoch 2/5 batch 1951/2188 loss=0.2215 (901 img/s)
[qresnet_seed0] epoch 2/5 batch 1976/2188 loss=0.2206 (901 img/s)
[qresnet_seed0] epoch 2/5 batch 2001/2188 loss=0.2196 (901 img/s)
[qresnet_seed0] epoch 2/5 batch 2026/2188 loss=0.2186 (901 img/s)
[qresnet_seed0] epoch 2/5 batch 2051/2188 loss=0.2176 (901 img/s)
[qresnet_seed0] epoch 2/5 batch 2076/2188 loss=0.2165 (901 img/s)
[qresnet_seed0] epoch 2/5 batch 2101/2188 loss=0.2155 (900 img/s)
[qresnet_seed0] epoch 2/5 batch 2126/2188 loss=0.2145 (900 img/s)
[qresnet_seed0] epoch 2/5 batch 2151/2188 loss=0.2134 (900 img/s)
[qresnet_seed0] epoch 2/5 batch 2176/2188 loss=0.2124 (899 img/s)
[qresnet_seed0] epoch 2/5 batch 2188/2188 loss=0.2119 (899 img/s)
[qresnet_seed0] epoch 2/5 loss=0.2119 val_acc=99.94 val_auc=0.9999
[qresnet_seed0] epoch 3/5 batch 1/2188 loss=0.1217 (122 img/s)
[qresnet_seed0] epoch 3/5 batch 26/2188 loss=0.1213 (694 img/s)
[qresnet_seed0] epoch 3/5 batch 51/2188 loss=0.1194 (771 img/s)
[qresnet_seed0] epoch 3/5 batch 76/2188 loss=0.1176 (799 img/s)
[qresnet_seed0] epoch 3/5 batch 101/2188 loss=0.1160 (814 img/s)
[qresnet_seed0] epoch 3/5 batch 126/2188 loss=0.1143 (827 img/s)
[qresnet_seed0] epoch 3/5 batch 151/2188 loss=0.1131 (835 img/s)
[qresnet_seed0] epoch 3/5 batch 176/2188 loss=0.1118 (842 img/s)
[qresnet_seed0] epoch 3/5 batch 201/2188 loss=0.1107 (848 img/s)
[qresnet_seed0] epoch 3/5 batch 226/2188 loss=0.1097 (852 img/s)
[qresnet_seed0] epoch 3/5 batch 251/2188 loss=0.1085 (855 img/s)
[qresnet_seed0] epoch 3/5 batch 276/2188 loss=0.1076 (858 img/s)
[qresnet_seed0] epoch 3/5 batch 301/2188 loss=0.1064 (860 img/s)
[qresnet_seed0] epoch 3/5 batch 326/2188 loss=0.1055 (862 img/s)
[qresnet_seed0] epoch 3/5 batch 351/2188 loss=0.1045 (864 img/s)
[qresnet_seed0] epoch 3/5 batch 376/2188 loss=0.1036 (863 img/s)
[qresnet_seed0] epoch 3/5 batch 401/2188 loss=0.1026 (864 img/s)
[qresnet_seed0] epoch 3/5 batch 426/2188 loss=0.1017 (866 img/s)
[qresnet_seed0] epoch 3/5 batch 451/2188 loss=0.1008 (865 img/s)
[qresnet_seed0] epoch 3/5 batch 476/2188 loss=0.1000 (866 img/s)
[qresnet_seed0] epoch 3/5 batch 501/2188 loss=0.0992 (867 img/s)
[qresnet_seed0] epoch 3/5 batch 526/2188 loss=0.0984 (866 img/s)
[qresnet_seed0] epoch 3/5 batch 551/2188 loss=0.0977 (867 img/s)
[qresnet_seed0] epoch 3/5 batch 576/2188 loss=0.0969 (868 img/s)
[qresnet_seed0] epoch 3/5 batch 601/2188 loss=0.0961 (871 img/s)
[qresnet_seed0] epoch 3/5 batch 626/2188 loss=0.0954 (872 img/s)
[qresnet_seed0] epoch 3/5 batch 651/2188 loss=0.0946 (872 img/s)
[qresnet_seed0] epoch 3/5 batch 676/2188 loss=0.0938 (873 img/s)
[qresnet_seed0] epoch 3/5 batch 701/2188 loss=0.0932 (874 img/s)
[qresnet_seed0] epoch 3/5 batch 726/2188 loss=0.0925 (874 img/s)
[qresnet_seed0] epoch 3/5 batch 751/2188 loss=0.0917 (874 img/s)
[qresnet_seed0] epoch 3/5 batch 776/2188 loss=0.0911 (873 img/s)
[qresnet_seed0] epoch 3/5 batch 801/2188 loss=0.0903 (873 img/s)
[qresnet_seed0] epoch 3/5 batch 826/2188 loss=0.0896 (874 img/s)
[qresnet_seed0] epoch 3/5 batch 851/2188 loss=0.0889 (874 img/s)
[qresnet_seed0] epoch 3/5 batch 876/2188 loss=0.0883 (874 img/s)
[qresnet_seed0] epoch 3/5 batch 901/2188 loss=0.0876 (875 img/s)
[qresnet_seed0] epoch 3/5 batch 926/2188 loss=0.0870 (875 img/s)
[qresnet_seed0] epoch 3/5 batch 951/2188 loss=0.0863 (875 img/s)
[qresnet_seed0] epoch 3/5 batch 976/2188 loss=0.0857 (875 img/s)
[qresnet_seed0] epoch 3/5 batch 1001/2188 loss=0.0851 (876 img/s)
[qresnet_seed0] epoch 3/5 batch 1026/2188 loss=0.0845 (876 img/s)
[qresnet_seed0] epoch 3/5 batch 1051/2188 loss=0.0839 (876 img/s)
[qresnet_seed0] epoch 3/5 batch 1076/2188 loss=0.0834 (876 img/s)
[qresnet_seed0] epoch 3/5 batch 1101/2188 loss=0.0828 (876 img/s)
[qresnet_seed0] epoch 3/5 batch 1126/2188 loss=0.0822 (876 img/s)
[qresnet_seed0] epoch 3/5 batch 1151/2188 loss=0.0817 (877 img/s)
[qresnet_seed0] epoch 3/5 batch 1176/2188 loss=0.0811 (877 img/s)
[qresnet_seed0] epoch 3/5 batch 1201/2188 loss=0.0805 (878 img/s)
[qresnet_seed0] epoch 3/5 batch 1226/2188 loss=0.0800 (878 img/s)
[qresnet_seed0] epoch 3/5 batch 1251/2188 loss=0.0795 (878 img/s)
[qresnet_seed0] epoch 3/5 batch 1276/2188 loss=0.0790 (877 img/s)
[qresnet_seed0] epoch 3/5 batch 1301/2188 loss=0.0784 (877 img/s)
[qresnet_seed0] epoch 3/5 batch 1326/2188 loss=0.0779 (877 img/s)
[qresnet_seed0] epoch 3/5 batch 1351/2188 loss=0.0774 (877 img/s)
[qresnet_seed0] epoch 3/5 batch 1376/2188 loss=0.0769 (877 img/s)
[qresnet_seed0] epoch 3/5 batch 1401/2188 loss=0.0764 (877 img/s)
[qresnet_seed0] epoch 3/5 batch 1426/2188 loss=0.0760 (877 img/s)
[qresnet_seed0] epoch 3/5 batch 1451/2188 loss=0.0755 (878 img/s)
[qresnet_seed0] epoch 3/5 batch 1476/2188 loss=0.0750 (878 img/s)
[qresnet_seed0] epoch 3/5 batch 1501/2188 loss=0.0745 (879 img/s)
[qresnet_seed0] epoch 3/5 batch 1526/2188 loss=0.0741 (879 img/s)
[qresnet_seed0] epoch 3/5 batch 1551/2188 loss=0.0736 (880 img/s)
[qresnet_seed0] epoch 3/5 batch 1576/2188 loss=0.0732 (880 img/s)
[qresnet_seed0] epoch 3/5 batch 1601/2188 loss=0.0727 (879 img/s)
[qresnet_seed0] epoch 3/5 batch 1626/2188 loss=0.0723 (879 img/s)
[qresnet_seed0] epoch 3/5 batch 1651/2188 loss=0.0719 (877 img/s)
[qresnet_seed0] epoch 3/5 batch 1676/2188 loss=0.0714 (877 img/s)
[qresnet_seed0] epoch 3/5 batch 1701/2188 loss=0.0710 (877 img/s)
[qresnet_seed0] epoch 3/5 batch 1726/2188 loss=0.0706 (877 img/s)
[qresnet_seed0] epoch 3/5 batch 1751/2188 loss=0.0702 (877 img/s)
[qresnet_seed0] epoch 3/5 batch 1776/2188 loss=0.0698 (877 img/s)
[qresnet_seed0] epoch 3/5 batch 1801/2188 loss=0.0693 (877 img/s)
[qresnet_seed0] epoch 3/5 batch 1826/2188 loss=0.0690 (877 img/s)
[qresnet_seed0] epoch 3/5 batch 1851/2188 loss=0.0686 (877 img/s)
[qresnet_seed0] epoch 3/5 batch 1876/2188 loss=0.0682 (877 img/s)
[qresnet_seed0] epoch 3/5 batch 1901/2188 loss=0.0678 (878 img/s)
[qresnet_seed0] epoch 3/5 batch 1926/2188 loss=0.0674 (878 img/s)
[qresnet_seed0] epoch 3/5 batch 1951/2188 loss=0.0670 (878 img/s)
[qresnet_seed0] epoch 3/5 batch 1976/2188 loss=0.0667 (879 img/s)
[qresnet_seed0] epoch 3/5 batch 2001/2188 loss=0.0663 (880 img/s)
[qresnet_seed0] epoch 3/5 batch 2026/2188 loss=0.0659 (880 img/s)
[qresnet_seed0] epoch 3/5 batch 2051/2188 loss=0.0655 (881 img/s)
[qresnet_seed0] epoch 3/5 batch 2076/2188 loss=0.0652 (881 img/s)
[qresnet_seed0] epoch 3/5 batch 2101/2188 loss=0.0648 (881 img/s)
[qresnet_seed0] epoch 3/5 batch 2126/2188 loss=0.0645 (881 img/s)
[qresnet_seed0] epoch 3/5 batch 2151/2188 loss=0.0642 (881 img/s)
[qresnet_seed0] epoch 3/5 batch 2176/2188 loss=0.0638 (882 img/s)
[qresnet_seed0] epoch 3/5 batch 2188/2188 loss=0.0636 (882 img/s)
[qresnet_seed0] epoch 3/5 loss=0.0636 val_acc=100.00 val_auc=1.0000
[qresnet_seed0] epoch 4/5 batch 1/2188 loss=0.0340 (120 img/s)
[qresnet_seed0] epoch 4/5 batch 26/2188 loss=0.0356 (637 img/s)
[qresnet_seed0] epoch 4/5 batch 51/2188 loss=0.0344 (731 img/s)
[qresnet_seed0] epoch 4/5 batch 76/2188 loss=0.0338 (782 img/s)
[qresnet_seed0] epoch 4/5 batch 101/2188 loss=0.0334 (808 img/s)
[qresnet_seed0] epoch 4/5 batch 126/2188 loss=0.0331 (823 img/s)
[qresnet_seed0] epoch 4/5 batch 151/2188 loss=0.0328 (835 img/s)
[qresnet_seed0] epoch 4/5 batch 176/2188 loss=0.0326 (845 img/s)
[qresnet_seed0] epoch 4/5 batch 201/2188 loss=0.0322 (851 img/s)
[qresnet_seed0] epoch 4/5 batch 226/2188 loss=0.0320 (853 img/s)
[qresnet_seed0] epoch 4/5 batch 251/2188 loss=0.0317 (855 img/s)
[qresnet_seed0] epoch 4/5 batch 276/2188 loss=0.0315 (856 img/s)
[qresnet_seed0] epoch 4/5 batch 301/2188 loss=0.0313 (859 img/s)
[qresnet_seed0] epoch 4/5 batch 326/2188 loss=0.0311 (862 img/s)
[qresnet_seed0] epoch 4/5 batch 351/2188 loss=0.0309 (865 img/s)
[qresnet_seed0] epoch 4/5 batch 376/2188 loss=0.0307 (866 img/s)
[qresnet_seed0] epoch 4/5 batch 401/2188 loss=0.0306 (868 img/s)
[qresnet_seed0] epoch 4/5 batch 426/2188 loss=0.0304 (869 img/s)
[qresnet_seed0] epoch 4/5 batch 451/2188 loss=0.0302 (870 img/s)
[qresnet_seed0] epoch 4/5 batch 476/2188 loss=0.0300 (872 img/s)
[qresnet_seed0] epoch 4/5 batch 501/2188 loss=0.0299 (873 img/s)
[qresnet_seed0] epoch 4/5 batch 526/2188 loss=0.0297 (875 img/s)
[qresnet_seed0] epoch 4/5 batch 551/2188 loss=0.0295 (876 img/s)
[qresnet_seed0] epoch 4/5 batch 576/2188 loss=0.0294 (877 img/s)
[qresnet_seed0] epoch 4/5 batch 601/2188 loss=0.0292 (878 img/s)
[qresnet_seed0] epoch 4/5 batch 626/2188 loss=0.0290 (879 img/s)
[qresnet_seed0] epoch 4/5 batch 651/2188 loss=0.0288 (880 img/s)
[qresnet_seed0] epoch 4/5 batch 676/2188 loss=0.0287 (880 img/s)
[qresnet_seed0] epoch 4/5 batch 701/2188 loss=0.0285 (881 img/s)
[qresnet_seed0] epoch 4/5 batch 726/2188 loss=0.0283 (881 img/s)
[qresnet_seed0] epoch 4/5 batch 751/2188 loss=0.0282 (881 img/s)
[qresnet_seed0] epoch 4/5 batch 776/2188 loss=0.0280 (880 img/s)
[qresnet_seed0] epoch 4/5 batch 801/2188 loss=0.0278 (879 img/s)
[qresnet_seed0] epoch 4/5 batch 826/2188 loss=0.0277 (878 img/s)
[qresnet_seed0] epoch 4/5 batch 851/2188 loss=0.0276 (878 img/s)
[qresnet_seed0] epoch 4/5 batch 876/2188 loss=0.0274 (878 img/s)
[qresnet_seed0] epoch 4/5 batch 901/2188 loss=0.0273 (879 img/s)
[qresnet_seed0] epoch 4/5 batch 926/2188 loss=0.0272 (879 img/s)
[qresnet_seed0] epoch 4/5 batch 951/2188 loss=0.0271 (879 img/s)
[qresnet_seed0] epoch 4/5 batch 976/2188 loss=0.0273 (879 img/s)
[qresnet_seed0] epoch 4/5 batch 1001/2188 loss=0.0274 (880 img/s)
[qresnet_seed0] epoch 4/5 batch 1026/2188 loss=0.0279 (880 img/s)
[qresnet_seed0] epoch 4/5 batch 1051/2188 loss=0.0281 (880 img/s)
[qresnet_seed0] epoch 4/5 batch 1076/2188 loss=0.0280 (881 img/s)
[qresnet_seed0] epoch 4/5 batch 1101/2188 loss=0.0279 (881 img/s)
[qresnet_seed0] epoch 4/5 batch 1126/2188 loss=0.0281 (881 img/s)
[qresnet_seed0] epoch 4/5 batch 1151/2188 loss=0.0280 (881 img/s)
[qresnet_seed0] epoch 4/5 batch 1176/2188 loss=0.0279 (882 img/s)
[qresnet_seed0] epoch 4/5 batch 1201/2188 loss=0.0277 (882 img/s)
[qresnet_seed0] epoch 4/5 batch 1226/2188 loss=0.0275 (883 img/s)
[qresnet_seed0] epoch 4/5 batch 1251/2188 loss=0.0275 (883 img/s)
[qresnet_seed0] epoch 4/5 batch 1276/2188 loss=0.0274 (884 img/s)
[qresnet_seed0] epoch 4/5 batch 1301/2188 loss=0.0272 (884 img/s)
[qresnet_seed0] epoch 4/5 batch 1326/2188 loss=0.0270 (884 img/s)
[qresnet_seed0] epoch 4/5 batch 1351/2188 loss=0.0269 (884 img/s)
[qresnet_seed0] epoch 4/5 batch 1376/2188 loss=0.0268 (885 img/s)
[qresnet_seed0] epoch 4/5 batch 1401/2188 loss=0.0266 (885 img/s)
[qresnet_seed0] epoch 4/5 batch 1426/2188 loss=0.0265 (885 img/s)
[qresnet_seed0] epoch 4/5 batch 1451/2188 loss=0.0264 (885 img/s)
[qresnet_seed0] epoch 4/5 batch 1476/2188 loss=0.0263 (885 img/s)
[qresnet_seed0] epoch 4/5 batch 1501/2188 loss=0.0261 (885 img/s)
[qresnet_seed0] epoch 4/5 batch 1526/2188 loss=0.0260 (884 img/s)
[qresnet_seed0] epoch 4/5 batch 1551/2188 loss=0.0258 (884 img/s)
[qresnet_seed0] epoch 4/5 batch 1576/2188 loss=0.0257 (884 img/s)
[qresnet_seed0] epoch 4/5 batch 1601/2188 loss=0.0255 (883 img/s)
[qresnet_seed0] epoch 4/5 batch 1626/2188 loss=0.0254 (883 img/s)
[qresnet_seed0] epoch 4/5 batch 1651/2188 loss=0.0253 (883 img/s)
[qresnet_seed0] epoch 4/5 batch 1676/2188 loss=0.0251 (883 img/s)
[qresnet_seed0] epoch 4/5 batch 1701/2188 loss=0.0250 (884 img/s)
[qresnet_seed0] epoch 4/5 batch 1726/2188 loss=0.0249 (884 img/s)
[qresnet_seed0] epoch 4/5 batch 1751/2188 loss=0.0247 (885 img/s)
[qresnet_seed0] epoch 4/5 batch 1776/2188 loss=0.0246 (885 img/s)
[qresnet_seed0] epoch 4/5 batch 1801/2188 loss=0.0245 (886 img/s)
[qresnet_seed0] epoch 4/5 batch 1826/2188 loss=0.0244 (887 img/s)
[qresnet_seed0] epoch 4/5 batch 1851/2188 loss=0.0242 (887 img/s)
[qresnet_seed0] epoch 4/5 batch 1876/2188 loss=0.0241 (888 img/s)
[qresnet_seed0] epoch 4/5 batch 1901/2188 loss=0.0240 (888 img/s)
[qresnet_seed0] epoch 4/5 batch 1926/2188 loss=0.0238 (888 img/s)
[qresnet_seed0] epoch 4/5 batch 1951/2188 loss=0.0237 (888 img/s)
[qresnet_seed0] epoch 4/5 batch 1976/2188 loss=0.0236 (888 img/s)
[qresnet_seed0] epoch 4/5 batch 2001/2188 loss=0.0235 (888 img/s)
[qresnet_seed0] epoch 4/5 batch 2026/2188 loss=0.0233 (888 img/s)
[qresnet_seed0] epoch 4/5 batch 2051/2188 loss=0.0232 (888 img/s)
[qresnet_seed0] epoch 4/5 batch 2076/2188 loss=0.0231 (888 img/s)
[qresnet_seed0] epoch 4/5 batch 2101/2188 loss=0.0230 (888 img/s)
[qresnet_seed0] epoch 4/5 batch 2126/2188 loss=0.0229 (888 img/s)
[qresnet_seed0] epoch 4/5 batch 2151/2188 loss=0.0227 (888 img/s)
[qresnet_seed0] epoch 4/5 batch 2176/2188 loss=0.0226 (888 img/s)
[qresnet_seed0] epoch 4/5 batch 2188/2188 loss=0.0226 (888 img/s)
[qresnet_seed0] epoch 4/5 loss=0.0226 val_acc=100.00 val_auc=1.0000
[qresnet_seed0] epoch 5/5 batch 1/2188 loss=0.0113 (125 img/s)
[qresnet_seed0] epoch 5/5 batch 26/2188 loss=0.0122 (731 img/s)
[qresnet_seed0] epoch 5/5 batch 51/2188 loss=0.0129 (799 img/s)
[qresnet_seed0] epoch 5/5 batch 76/2188 loss=0.0125 (809 img/s)
[qresnet_seed0] epoch 5/5 batch 101/2188 loss=0.0126 (835 img/s)
[qresnet_seed0] epoch 5/5 batch 126/2188 loss=0.0124 (850 img/s)
[qresnet_seed0] epoch 5/5 batch 151/2188 loss=0.0123 (861 img/s)
[qresnet_seed0] epoch 5/5 batch 176/2188 loss=0.0122 (870 img/s)
[qresnet_seed0] epoch 5/5 batch 201/2188 loss=0.0121 (876 img/s)
[qresnet_seed0] epoch 5/5 batch 226/2188 loss=0.0119 (882 img/s)
[qresnet_seed0] epoch 5/5 batch 251/2188 loss=0.0118 (886 img/s)
[qresnet_seed0] epoch 5/5 batch 276/2188 loss=0.0117 (889 img/s)
[qresnet_seed0] epoch 5/5 batch 301/2188 loss=0.0117 (891 img/s)
[qresnet_seed0] epoch 5/5 batch 326/2188 loss=0.0116 (893 img/s)
[qresnet_seed0] epoch 5/5 batch 351/2188 loss=0.0115 (895 img/s)
[qresnet_seed0] epoch 5/5 batch 376/2188 loss=0.0115 (896 img/s)
[qresnet_seed0] epoch 5/5 batch 401/2188 loss=0.0114 (895 img/s)
[qresnet_seed0] epoch 5/5 batch 426/2188 loss=0.0113 (896 img/s)
[qresnet_seed0] epoch 5/5 batch 451/2188 loss=0.0113 (896 img/s)
[qresnet_seed0] epoch 5/5 batch 476/2188 loss=0.0112 (898 img/s)
[qresnet_seed0] epoch 5/5 batch 501/2188 loss=0.0111 (898 img/s)
[qresnet_seed0] epoch 5/5 batch 526/2188 loss=0.0110 (899 img/s)
[qresnet_seed0] epoch 5/5 batch 551/2188 loss=0.0110 (899 img/s)
[qresnet_seed0] epoch 5/5 batch 576/2188 loss=0.0109 (899 img/s)
[qresnet_seed0] epoch 5/5 batch 601/2188 loss=0.0108 (899 img/s)
[qresnet_seed0] epoch 5/5 batch 626/2188 loss=0.0108 (900 img/s)
[qresnet_seed0] epoch 5/5 batch 651/2188 loss=0.0107 (899 img/s)
[qresnet_seed0] epoch 5/5 batch 676/2188 loss=0.0106 (900 img/s)
[qresnet_seed0] epoch 5/5 batch 701/2188 loss=0.0106 (902 img/s)
[qresnet_seed0] epoch 5/5 batch 726/2188 loss=0.0105 (901 img/s)
[qresnet_seed0] epoch 5/5 batch 751/2188 loss=0.0104 (901 img/s)
[qresnet_seed0] epoch 5/5 batch 776/2188 loss=0.0104 (901 img/s)
[qresnet_seed0] epoch 5/5 batch 801/2188 loss=0.0103 (902 img/s)
[qresnet_seed0] epoch 5/5 batch 826/2188 loss=0.0102 (902 img/s)
[qresnet_seed0] epoch 5/5 batch 851/2188 loss=0.0102 (902 img/s)
[qresnet_seed0] epoch 5/5 batch 876/2188 loss=0.0101 (902 img/s)
[qresnet_seed0] epoch 5/5 batch 901/2188 loss=0.0100 (902 img/s)
[qresnet_seed0] epoch 5/5 batch 926/2188 loss=0.0100 (902 img/s)
[qresnet_seed0] epoch 5/5 batch 951/2188 loss=0.0100 (901 img/s)
[qresnet_seed0] epoch 5/5 batch 976/2188 loss=0.0100 (901 img/s)
[qresnet_seed0] epoch 5/5 batch 1001/2188 loss=0.0099 (901 img/s)
[qresnet_seed0] epoch 5/5 batch 1026/2188 loss=0.0098 (901 img/s)
[qresnet_seed0] epoch 5/5 batch 1051/2188 loss=0.0098 (901 img/s)
[qresnet_seed0] epoch 5/5 batch 1076/2188 loss=0.0097 (901 img/s)
[qresnet_seed0] epoch 5/5 batch 1101/2188 loss=0.0097 (901 img/s)
[qresnet_seed0] epoch 5/5 batch 1126/2188 loss=0.0097 (900 img/s)
[qresnet_seed0] epoch 5/5 batch 1151/2188 loss=0.0096 (901 img/s)
[qresnet_seed0] epoch 5/5 batch 1176/2188 loss=0.0096 (900 img/s)
[qresnet_seed0] epoch 5/5 batch 1201/2188 loss=0.0095 (900 img/s)
[qresnet_seed0] epoch 5/5 batch 1226/2188 loss=0.0095 (899 img/s)
[qresnet_seed0] epoch 5/5 batch 1251/2188 loss=0.0095 (899 img/s)
[qresnet_seed0] epoch 5/5 batch 1276/2188 loss=0.0094 (899 img/s)
[qresnet_seed0] epoch 5/5 batch 1301/2188 loss=0.0094 (899 img/s)
[qresnet_seed0] epoch 5/5 batch 1326/2188 loss=0.0093 (899 img/s)
[qresnet_seed0] epoch 5/5 batch 1351/2188 loss=0.0093 (898 img/s)
[qresnet_seed0] epoch 5/5 batch 1376/2188 loss=0.0092 (898 img/s)
[qresnet_seed0] epoch 5/5 batch 1401/2188 loss=0.0091 (898 img/s)
[qresnet_seed0] epoch 5/5 batch 1426/2188 loss=0.0091 (898 img/s)
[qresnet_seed0] epoch 5/5 batch 1451/2188 loss=0.0090 (898 img/s)
[qresnet_seed0] epoch 5/5 batch 1476/2188 loss=0.0090 (898 img/s)
[qresnet_seed0] epoch 5/5 batch 1501/2188 loss=0.0089 (898 img/s)
[qresnet_seed0] epoch 5/5 batch 1526/2188 loss=0.0089 (898 img/s)
[qresnet_seed0] epoch 5/5 batch 1551/2188 loss=0.0088 (899 img/s)
[qresnet_seed0] epoch 5/5 batch 1576/2188 loss=0.0088 (899 img/s)
[qresnet_seed0] epoch 5/5 batch 1601/2188 loss=0.0088 (899 img/s)
[qresnet_seed0] epoch 5/5 batch 1626/2188 loss=0.0087 (899 img/s)
[qresnet_seed0] epoch 5/5 batch 1651/2188 loss=0.0087 (899 img/s)
[qresnet_seed0] epoch 5/5 batch 1676/2188 loss=0.0086 (898 img/s)
[qresnet_seed0] epoch 5/5 batch 1701/2188 loss=0.0086 (898 img/s)
[qresnet_seed0] epoch 5/5 batch 1726/2188 loss=0.0086 (898 img/s)
[qresnet_seed0] epoch 5/5 batch 1751/2188 loss=0.0085 (898 img/s)
[qresnet_seed0] epoch 5/5 batch 1776/2188 loss=0.0085 (898 img/s)
[qresnet_seed0] epoch 5/5 batch 1801/2188 loss=0.0085 (898 img/s)
[qresnet_seed0] epoch 5/5 batch 1826/2188 loss=0.0084 (898 img/s)
[qresnet_seed0] epoch 5/5 batch 1851/2188 loss=0.0084 (897 img/s)
[qresnet_seed0] epoch 5/5 batch 1876/2188 loss=0.0083 (897 img/s)
[qresnet_seed0] epoch 5/5 batch 1901/2188 loss=0.0083 (897 img/s)
[qresnet_seed0] epoch 5/5 batch 1926/2188 loss=0.0082 (897 img/s)
[qresnet_seed0] epoch 5/5 batch 1951/2188 loss=0.0083 (897 img/s)
[qresnet_seed0] epoch 5/5 batch 1976/2188 loss=0.0082 (897 img/s)
[qresnet_seed0] epoch 5/5 batch 2001/2188 loss=0.0082 (897 img/s)
[qresnet_seed0] epoch 5/5 batch 2026/2188 loss=0.0081 (897 img/s)
[qresnet_seed0] epoch 5/5 batch 2051/2188 loss=0.0081 (897 img/s)
[qresnet_seed0] epoch 5/5 batch 2076/2188 loss=0.0081 (897 img/s)
[qresnet_seed0] epoch 5/5 batch 2101/2188 loss=0.0080 (897 img/s)
[qresnet_seed0] epoch 5/5 batch 2126/2188 loss=0.0080 (897 img/s)
[qresnet_seed0] epoch 5/5 batch 2151/2188 loss=0.0079 (897 img/s)
[qresnet_seed0] epoch 5/5 batch 2176/2188 loss=0.0079 (897 img/s)
[qresnet_seed0] epoch 5/5 batch 2188/2188 loss=0.0079 (896 img/s)
[qresnet_seed0] epoch 5/5 loss=0.0079 val_acc=100.00 val_auc=1.0000
[qresnet_seed0] DONE. clean test: {'acc': 99.99749999999999, 'auc': 0.9999954325, 'f1': 0.9999749993749844}
